2026-08-07T21:25:03Z INF Thank you for trying Cloudflare Tunnel. Doing so, without a Cloudflare account, is a quick way to experiment and try it out. However, be aware that these account-less Tunnels have no uptime guarantee, are subject to the Cloudflare Online Services Terms of Use (https://www.cloudflare.com/website-terms/), and Cloudflare reserves the right to investigate your use of Tunnels for violations of such terms. If you intend to use Tunnels in production you should use a pre-created named tunnel by following: https://developers.cloudflare.com/cloudflare-one/connections/connect-apps
2026-08-07T21:25:03Z INF Requesting new quick Tunnel on trycloudflare.com...
2026-08-07T21:25:12Z INF +--------------------------------------------------------------------------------------------+
2026-08-07T21:25:12Z INF |  Your quick Tunnel has been created! Visit it at (it may take some time to be reachable):  |
2026-08-07T21:25:12Z INF |  https://nevertheless-rebecca-paint-issued.trycloudflare.com                               |
2026-08-07T21:25:12Z INF +--------------------------------------------------------------------------------------------+
2026-08-07T21:25:12Z INF Cannot determine default configuration path. No file [config.yml config.yaml] in [~/.cloudflared ~/.cloudflare-warp ~/cloudflare-warp /etc/cloudflared /usr/local/etc/cloudflared]
2026-08-07T21:25:12Z INF Version 2026.7.3 (Checksum 0f02baf3ca2380db9947d4c6e7d24bbaabec6a170104e0f7eb55e72aab277cef)
2026-08-07T21:25:12Z INF GOOS: android, GOVersion: go1.26.5, GoArch: arm64
2026-08-07T21:25:12Z INF Settings: map[ha-connections:1 protocol:quic url:http://localhost:3000]
2026-08-07T21:25:12Z INF Autoupdate frequency is set autoupdateFreq=86400000
2026-08-07T21:25:12Z INF Generated Connector ID: 04249275-f2fd-44f1-857a-17e897750555
2026-08-07T21:25:12Z INF Initial protocol quic
2026-08-07T21:25:12Z INF ICMP proxy will use 10.0.0.168 as source for IPv4
2026-08-07T21:25:12Z INF ICMP proxy will use :: as source for IPv6
2026-08-07T21:25:12Z WRN The user running cloudflared process has a GID (group ID) that is not within ping_group_range. You might need to add that user to a group within that range, or instead update the range to encompass a group the user is already in by modifying /proc/sys/net/ipv4/ping_group_range. Otherwise cloudflared will not be able to ping this network error="open /proc/sys/net/ipv4/ping_group_range: permission denied"
2026-08-07T21:25:13Z INF ICMP proxy will use 10.0.0.168 as source for IPv4
2026-08-07T21:25:13Z INF ICMP proxy will use :: as source for IPv6
2026-08-07T21:25:13Z INF Starting metrics server on 127.0.0.1:20241/metrics
2026-08-07T21:25:13Z INF Tunnel connection curve preferences: [X25519MLKEM768 CurveID(65074) CurveP256] connIndex=0 event=0 ip=198.41.192.227
2026-08-07T21:25:13Z INF Registered tunnel connection connIndex=0 connection=0ac70969-65f6-4e0e-96b9-9e1d30dd13d8 event=0 ip=198.41.192.227 location=gru07 protocol=quic
2026-08-07T21:25:19Z INF +-------------------------------------------------------------------------------------+
2026-08-07T21:25:19Z INF |                               CONNECTIVITY PRE-CHECKS                               |
2026-08-07T21:25:19Z INF +-------------------------------------------------------------------------------------+
2026-08-07T21:25:19Z INF |  COMPONENT         TARGET                     STATUS  DETAILS                       |
2026-08-07T21:25:19Z INF |  DNS Resolution    region1.v2.argotunnel.com  PASS    DNS Resolved successfully     |
2026-08-07T21:25:19Z INF |  DNS Resolution    region2.v2.argotunnel.com  PASS    DNS Resolved successfully     |
2026-08-07T21:25:19Z INF |  UDP Connectivity  region1.v2.argotunnel.com  PASS    QUIC connection successful    |
2026-08-07T21:25:19Z INF |  UDP Connectivity  region2.v2.argotunnel.com  PASS    QUIC connection successful    |
2026-08-07T21:25:19Z INF |  TCP Connectivity  region1.v2.argotunnel.com  PASS    HTTP/2 connection successful  |
2026-08-07T21:25:19Z INF |  TCP Connectivity  region2.v2.argotunnel.com  PASS    HTTP/2 connection successful  |
2026-08-07T21:25:19Z INF |  Cloudflare API    api.cloudflare.com:443     PASS    API is reachable              |
2026-08-07T21:25:19Z INF |                                                                                     |
2026-08-07T21:25:19Z INF |  SUMMARY: Environment is healthy. cloudflared will use 'quic' as primary protocol.  |
2026-08-07T21:25:19Z INF +-------------------------------------------------------------------------------------+
2026-08-07T21:25:19Z INF precheck component="DNS Resolution" details="DNS Resolved successfully" run_id=84255cdc-8229-4128-bfe4-b67c4319c6f0 status=pass target=region1.v2.argotunnel.com
2026-08-07T21:25:19Z INF precheck component="DNS Resolution" details="DNS Resolved successfully" run_id=84255cdc-8229-4128-bfe4-b67c4319c6f0 status=pass target=region2.v2.argotunnel.com
2026-08-07T21:25:19Z INF precheck component="UDP Connectivity" details="QUIC connection successful" run_id=84255cdc-8229-4128-bfe4-b67c4319c6f0 status=pass target=region1.v2.argotunnel.com
2026-08-07T21:25:19Z INF precheck component="UDP Connectivity" details="QUIC connection successful" run_id=84255cdc-8229-4128-bfe4-b67c4319c6f0 status=pass target=region2.v2.argotunnel.com
2026-08-07T21:25:19Z INF precheck component="TCP Connectivity" details="HTTP/2 connection successful" run_id=84255cdc-8229-4128-bfe4-b67c4319c6f0 status=pass target=region1.v2.argotunnel.com
2026-08-07T21:25:19Z INF precheck component="TCP Connectivity" details="HTTP/2 connection successful" run_id=84255cdc-8229-4128-bfe4-b67c4319c6f0 status=pass target=region2.v2.argotunnel.com
2026-08-07T21:25:19Z INF precheck component="Cloudflare API" details="API is reachable" run_id=84255cdc-8229-4128-bfe4-b67c4319c6f0 status=pass target=api.cloudflare.com:443
2026-08-07T21:25:19Z INF precheck complete hard_fail=false run_id=84255cdc-8229-4128-bfe4-b67c4319c6f0 suggested_protocol=quic
2026-08-07T21:43:25Z INF Initiating graceful shutdown due to signal terminated ...
2026-08-07T21:43:25Z ERR failed to run the datagram handler error="context canceled" connIndex=0 event=0 ip=198.41.192.227
2026-08-07T21:43:25Z ERR failed to serve tunnel connection error="accept stream listener encountered a failure while serving" connIndex=0 event=0 ip=198.41.192.227
2026-08-07T21:43:25Z ERR Serve tunnel error error="accept stream listener encountered a failure while serving" connIndex=0 event=0 ip=198.41.192.227
2026-08-07T21:43:25Z INF Retrying connection in up to 1s connIndex=0 event=0 ip=198.41.192.227
2026-08-07T21:43:25Z ERR Connection terminated connIndex=0
2026-08-07T21:43:25Z ERR no more connections active and exiting
2026-08-07T21:43:25Z INF Tunnel server stopped
2026-08-07T21:43:25Z INF Metrics server stopped
