0 verbose cli /data/data/com.termux/files/usr/bin/node /data/data/com.termux/files/usr/bin/npm
1 info using npm@11.19.0
2 info using node@v26.4.0
3 silly config load:file:/data/data/com.termux/files/usr/lib/node_modules/npm/npmrc
4 silly config load:file:/data/data/com.termux/files/home/speedstore/meu-projeto-pagamento/.npmrc
5 silly config load:file:/data/data/com.termux/files/home/.npmrc
6 silly config load:file:/data/data/com.termux/files/usr/etc/npmrc
7 verbose title npm install mercadopago
8 verbose argv "install" "mercadopago"
9 verbose logfile logs-max:10 dir:/data/data/com.termux/files/home/.npm/_logs/2026-08-07T14_38_40_178Z-
10 verbose logfile /data/data/com.termux/files/home/.npm/_logs/2026-08-07T14_38_40_178Z-debug-0.log
11 silly logfile start cleaning logs, removing 1 files
12 silly logfile done cleaning log files
13 silly packumentCache heap:1174405120 maxSize:293601280 maxEntrySize:146800640
14 silly idealTree buildDeps
15 silly fetch manifest mercadopago@*
16 silly packumentCache full:https://registry.npmjs.org/mercadopago cache-miss
17 http fetch GET 200 https://registry.npmjs.org/mercadopago 393ms (cache revalidated)
18 silly packumentCache full:https://registry.npmjs.org/mercadopago set size:292923 disposed:false
19 silly placeDep ROOT mercadopago@3.3.0 OK for: meu-projeto-pagamento@1.0.0 want: *
20 silly reify moves {}
21 silly audit bulk request { mercadopago: [ '3.3.0' ] }
22 http cache mercadopago@https://registry.npmjs.org/mercadopago/-/mercadopago-3.3.0.tgz 0ms (cache hit)
23 http fetch POST 200 https://registry.npmjs.org/-/npm/v1/security/advisories/bulk 386ms
24 silly audit report {}
25 silly ADD node_modules/mercadopago
26 verbose cwd /data/data/com.termux/files/home/speedstore/meu-projeto-pagamento
27 verbose os Linux 5.10.240-android12-9-00006-g25161a557b20-ab14744618
28 verbose node v26.4.0
29 verbose npm  v11.19.0
30 verbose exit 0
31 info ok
