0 verbose cli /data/data/com.termux/files/usr/bin/node /data/data/com.termux/files/usr/bin/npm
1 info using npm@11.19.0
2 info using node@v26.4.0
3 silly config load:file:/data/data/com.termux/files/usr/lib/node_modules/npm/npmrc
4 silly config load:file:/data/data/com.termux/files/home/minha-radio/.npmrc
5 silly config load:file:/data/data/com.termux/files/home/.npmrc
6 silly config load:file:/data/data/com.termux/files/usr/etc/npmrc
7 verbose title npm install express socket.io
8 verbose argv "install" "express" "socket.io"
9 verbose logfile logs-max:10 dir:/data/data/com.termux/files/home/.npm/_logs/2026-08-07T14_43_06_497Z-
10 verbose logfile /data/data/com.termux/files/home/.npm/_logs/2026-08-07T14_43_06_497Z-debug-0.log
11 silly logfile start cleaning logs, removing 1 files
12 silly logfile done cleaning log files
13 silly packumentCache heap:1174405120 maxSize:293601280 maxEntrySize:146800640
14 silly idealTree buildDeps
15 silly fetch manifest express@*
16 silly packumentCache full:https://registry.npmjs.org/express cache-miss
17 http fetch GET 200 https://registry.npmjs.org/express 356ms (cache revalidated)
18 silly packumentCache full:https://registry.npmjs.org/express set size:804956 disposed:false
19 silly fetch manifest socket.io@*
20 silly packumentCache full:https://registry.npmjs.org/socket.io cache-miss
21 http fetch GET 200 https://registry.npmjs.org/socket.io 155ms (cache miss)
22 silly packumentCache full:https://registry.npmjs.org/socket.io set size:undefined disposed:false
23 silly placeDep ROOT express@5.2.1 OK for: minha-radio@1.0.0 want: *
24 silly placeDep ROOT socket.io@4.8.3 OK for: minha-radio@1.0.0 want: *
25 silly fetch manifest qs@^6.14.0
26 silly packumentCache full:https://registry.npmjs.org/qs cache-miss
27 silly fetch manifest depd@^2.0.0
28 silly packumentCache full:https://registry.npmjs.org/depd cache-miss
29 silly fetch manifest etag@^1.8.1
30 silly packumentCache full:https://registry.npmjs.org/etag cache-miss
31 silly fetch manifest once@^1.4.0
32 silly packumentCache full:https://registry.npmjs.org/once cache-miss
33 silly fetch manifest send@^1.1.0
34 silly packumentCache full:https://registry.npmjs.org/send cache-miss
35 silly fetch manifest vary@^1.1.2
36 silly packumentCache full:https://registry.npmjs.org/vary cache-miss
37 silly fetch manifest debug@^4.4.0
38 silly packumentCache full:https://registry.npmjs.org/debug cache-miss
39 http fetch GET 200 https://registry.npmjs.org/depd 126ms (cache revalidated)
40 silly packumentCache full:https://registry.npmjs.org/depd set size:40182 disposed:false
41 silly fetch manifest fresh@^2.0.0
42 silly packumentCache full:https://registry.npmjs.org/fresh cache-miss
43 http fetch GET 200 https://registry.npmjs.org/once 180ms (cache revalidated)
44 silly packumentCache full:https://registry.npmjs.org/once set size:11752 disposed:false
45 silly fetch manifest cookie@^0.7.1
46 silly packumentCache full:https://registry.npmjs.org/cookie cache-miss
47 http fetch GET 200 https://registry.npmjs.org/etag 215ms (cache revalidated)
48 silly packumentCache full:https://registry.npmjs.org/etag set size:30032 disposed:false
49 silly fetch manifest router@^2.2.0
50 silly packumentCache full:https://registry.npmjs.org/router cache-miss
51 http fetch GET 200 https://registry.npmjs.org/vary 216ms (cache revalidated)
52 silly packumentCache full:https://registry.npmjs.org/vary set size:15994 disposed:false
53 silly fetch manifest accepts@^2.0.0
54 silly packumentCache full:https://registry.npmjs.org/accepts cache-miss
55 http fetch GET 200 https://registry.npmjs.org/debug 221ms (cache revalidated)
56 silly packumentCache full:https://registry.npmjs.org/debug set size:195840 disposed:false
57 silly fetch manifest type-is@^2.0.1
58 silly packumentCache full:https://registry.npmjs.org/type-is cache-miss
59 http fetch GET 200 https://registry.npmjs.org/qs 249ms (cache revalidated)
60 silly packumentCache full:https://registry.npmjs.org/qs set size:360318 disposed:false
61 silly fetch manifest parseurl@^1.3.3
62 silly packumentCache full:https://registry.npmjs.org/parseurl cache-miss
63 http fetch GET 200 https://registry.npmjs.org/send 263ms (cache revalidated)
64 silly packumentCache full:https://registry.npmjs.org/send set size:152810 disposed:false
65 silly fetch manifest statuses@^2.0.1
66 silly packumentCache full:https://registry.npmjs.org/statuses cache-miss
67 http fetch GET 200 https://registry.npmjs.org/fresh 180ms (cache revalidated)
68 silly packumentCache full:https://registry.npmjs.org/fresh set size:25427 disposed:false
69 silly fetch manifest encodeurl@^2.0.0
70 silly packumentCache full:https://registry.npmjs.org/encodeurl cache-miss
71 http fetch GET 200 https://registry.npmjs.org/cookie 183ms (cache revalidated)
72 silly packumentCache full:https://registry.npmjs.org/cookie set size:78274 disposed:false
73 silly fetch manifest mime-types@^3.0.0
74 silly packumentCache full:https://registry.npmjs.org/mime-types cache-miss
75 http fetch GET 200 https://registry.npmjs.org/parseurl 147ms (cache revalidated)
76 silly packumentCache full:https://registry.npmjs.org/parseurl set size:24148 disposed:false
77 silly fetch manifest proxy-addr@^2.0.7
78 silly packumentCache full:https://registry.npmjs.org/proxy-addr cache-miss
79 http fetch GET 200 https://registry.npmjs.org/accepts 192ms (cache revalidated)
80 silly packumentCache full:https://registry.npmjs.org/accepts set size:77054 disposed:false
81 silly fetch manifest body-parser@^2.2.1
82 silly packumentCache full:https://registry.npmjs.org/body-parser cache-miss
83 http fetch GET 200 https://registry.npmjs.org/statuses 150ms (cache revalidated)
84 silly packumentCache full:https://registry.npmjs.org/statuses set size:37117 disposed:false
85 silly fetch manifest escape-html@^1.0.3
86 silly packumentCache full:https://registry.npmjs.org/escape-html cache-miss
87 http fetch GET 200 https://registry.npmjs.org/type-is 190ms (cache revalidated)
88 silly packumentCache full:https://registry.npmjs.org/type-is set size:88614 disposed:false
89 silly fetch manifest http-errors@^2.0.0
90 silly packumentCache full:https://registry.npmjs.org/http-errors cache-miss
91 http fetch GET 200 https://registry.npmjs.org/router 222ms (cache revalidated)
92 silly packumentCache full:https://registry.npmjs.org/router set size:116499 disposed:false
93 silly fetch manifest on-finished@^2.4.1
94 silly packumentCache full:https://registry.npmjs.org/on-finished cache-miss
95 http fetch GET 200 https://registry.npmjs.org/encodeurl 137ms (cache revalidated)
96 silly packumentCache full:https://registry.npmjs.org/encodeurl set size:12296 disposed:false
97 silly fetch manifest content-type@^1.0.5
98 silly packumentCache full:https://registry.npmjs.org/content-type cache-miss
99 http fetch GET 200 https://registry.npmjs.org/mime-types 156ms (cache revalidated)
100 silly packumentCache full:https://registry.npmjs.org/mime-types set size:139110 disposed:false
101 silly fetch manifest finalhandler@^2.1.0
102 silly packumentCache full:https://registry.npmjs.org/finalhandler cache-miss
103 http fetch GET 200 https://registry.npmjs.org/http-errors 110ms (cache revalidated)
104 silly packumentCache full:https://registry.npmjs.org/http-errors set size:71987 disposed:false
105 silly fetch manifest range-parser@^1.2.1
106 silly packumentCache full:https://registry.npmjs.org/range-parser cache-miss
107 http fetch GET 200 https://registry.npmjs.org/body-parser 134ms (cache revalidated)
108 silly packumentCache full:https://registry.npmjs.org/body-parser set size:204559 disposed:false
109 silly fetch manifest serve-static@^2.2.0
110 silly packumentCache full:https://registry.npmjs.org/serve-static cache-miss
111 http fetch GET 200 https://registry.npmjs.org/escape-html 142ms (cache revalidated)
112 silly packumentCache full:https://registry.npmjs.org/escape-html set size:7345 disposed:false
113 silly fetch manifest cookie-signature@^1.2.1
114 silly packumentCache full:https://registry.npmjs.org/cookie-signature cache-miss
115 http fetch GET 200 https://registry.npmjs.org/content-type 132ms (cache revalidated)
116 silly packumentCache full:https://registry.npmjs.org/content-type set size:18994 disposed:false
117 silly fetch manifest merge-descriptors@^2.0.0
118 silly packumentCache full:https://registry.npmjs.org/merge-descriptors cache-miss
119 http fetch GET 200 https://registry.npmjs.org/on-finished 146ms (cache revalidated)
120 silly packumentCache full:https://registry.npmjs.org/on-finished set size:23212 disposed:false
121 silly fetch manifest content-disposition@^1.0.0
122 silly packumentCache full:https://registry.npmjs.org/content-disposition cache-miss
123 http fetch GET 200 https://registry.npmjs.org/finalhandler 105ms (cache revalidated)
124 silly packumentCache full:https://registry.npmjs.org/finalhandler set size:79291 disposed:false
125 silly fetch manifest accepts@~1.3.4
126 silly packumentCache full:https://registry.npmjs.org/accepts cache-hit
127 silly fetch manifest base64id@~2.0.0
128 silly packumentCache full:https://registry.npmjs.org/base64id cache-miss
129 http fetch GET 200 https://registry.npmjs.org/cookie-signature 104ms (cache revalidated)
130 silly packumentCache full:https://registry.npmjs.org/cookie-signature set size:21777 disposed:false
131 silly fetch manifest cors@~2.8.5
132 silly packumentCache full:https://registry.npmjs.org/cors cache-miss
133 http fetch GET 200 https://registry.npmjs.org/range-parser 132ms (cache revalidated)
134 silly packumentCache full:https://registry.npmjs.org/range-parser set size:24852 disposed:false
135 silly fetch manifest debug@~4.4.1
136 silly packumentCache full:https://registry.npmjs.org/debug cache-hit
137 silly fetch manifest engine.io@~6.6.0
138 silly packumentCache full:https://registry.npmjs.org/engine.io cache-miss
139 http fetch GET 200 https://registry.npmjs.org/serve-static 129ms (cache revalidated)
140 silly packumentCache full:https://registry.npmjs.org/serve-static set size:150391 disposed:false
141 silly fetch manifest socket.io-adapter@~2.5.2
142 silly packumentCache full:https://registry.npmjs.org/socket.io-adapter cache-miss
143 http fetch GET 200 https://registry.npmjs.org/merge-descriptors 127ms (cache revalidated)
144 silly packumentCache full:https://registry.npmjs.org/merge-descriptors set size:16527 disposed:false
145 silly fetch manifest socket.io-parser@~4.2.4
146 silly packumentCache full:https://registry.npmjs.org/socket.io-parser cache-miss
147 http fetch GET 200 https://registry.npmjs.org/content-disposition 131ms (cache revalidated)
148 silly packumentCache full:https://registry.npmjs.org/content-disposition set size:42862 disposed:false
149 http fetch GET 200 https://registry.npmjs.org/proxy-addr 349ms (cache revalidated)
150 silly packumentCache full:https://registry.npmjs.org/proxy-addr set size:61619 disposed:false
151 http fetch GET 200 https://registry.npmjs.org/base64id 148ms (cache miss)
152 silly packumentCache full:https://registry.npmjs.org/base64id set size:undefined disposed:false
153 http fetch GET 200 https://registry.npmjs.org/cors 134ms (cache miss)
154 silly packumentCache full:https://registry.npmjs.org/cors set size:undefined disposed:false
155 http fetch GET 200 https://registry.npmjs.org/socket.io-adapter 140ms (cache miss)
156 silly packumentCache full:https://registry.npmjs.org/socket.io-adapter set size:undefined disposed:false
157 http fetch GET 200 https://registry.npmjs.org/socket.io-parser 129ms (cache miss)
158 silly packumentCache full:https://registry.npmjs.org/socket.io-parser set size:undefined disposed:false
159 http fetch GET 200 https://registry.npmjs.org/engine.io 181ms (cache miss)
160 silly packumentCache full:https://registry.npmjs.org/engine.io set size:undefined disposed:false
161 silly placeDep ROOT accepts@2.0.0 OK for: express@5.2.1 want: ^2.0.0
162 silly placeDep ROOT body-parser@2.3.0 OK for: express@5.2.1 want: ^2.2.1
163 silly placeDep ROOT content-disposition@1.1.0 OK for: express@5.2.1 want: ^1.0.0
164 silly placeDep ROOT content-type@1.0.5 OK for: express@5.2.1 want: ^1.0.5
165 silly placeDep ROOT cookie@0.7.2 OK for: express@5.2.1 want: ^0.7.1
166 silly placeDep ROOT cookie-signature@1.2.2 OK for: express@5.2.1 want: ^1.2.1
167 silly placeDep ROOT debug@4.4.3 OK for: express@5.2.1 want: ^4.4.0
168 silly placeDep ROOT depd@2.0.0 OK for: express@5.2.1 want: ^2.0.0
169 silly placeDep ROOT encodeurl@2.0.0 OK for: express@5.2.1 want: ^2.0.0
170 silly placeDep ROOT escape-html@1.0.3 OK for: express@5.2.1 want: ^1.0.3
171 silly placeDep ROOT etag@1.8.1 OK for: express@5.2.1 want: ^1.8.1
172 silly placeDep ROOT finalhandler@2.1.1 OK for: express@5.2.1 want: ^2.1.0
173 silly placeDep ROOT fresh@2.0.0 OK for: express@5.2.1 want: ^2.0.0
174 silly placeDep ROOT http-errors@2.0.1 OK for: express@5.2.1 want: ^2.0.0
175 silly placeDep ROOT merge-descriptors@2.0.0 OK for: express@5.2.1 want: ^2.0.0
176 silly placeDep ROOT mime-types@3.0.2 OK for: express@5.2.1 want: ^3.0.0
177 silly placeDep ROOT on-finished@2.4.1 OK for: express@5.2.1 want: ^2.4.1
178 silly placeDep ROOT once@1.4.0 OK for: express@5.2.1 want: ^1.4.0
179 silly placeDep ROOT parseurl@1.3.3 OK for: express@5.2.1 want: ^1.3.3
180 silly placeDep ROOT proxy-addr@2.0.7 OK for: express@5.2.1 want: ^2.0.7
181 silly placeDep ROOT qs@6.15.3 OK for: express@5.2.1 want: ^6.14.0
182 silly placeDep ROOT range-parser@1.3.0 OK for: express@5.2.1 want: ^1.2.1
183 silly placeDep ROOT router@2.2.0 OK for: express@5.2.1 want: ^2.2.0
184 silly placeDep ROOT send@1.2.1 OK for: express@5.2.1 want: ^1.1.0
185 silly placeDep ROOT serve-static@2.2.1 OK for: express@5.2.1 want: ^2.2.0
186 silly placeDep ROOT statuses@2.0.2 OK for: express@5.2.1 want: ^2.0.1
187 silly placeDep ROOT type-is@2.1.0 OK for: express@5.2.1 want: ^2.0.1
188 silly placeDep ROOT vary@1.1.2 OK for: express@5.2.1 want: ^1.1.2
189 silly fetch manifest negotiator@^1.0.0
190 silly packumentCache full:https://registry.npmjs.org/negotiator cache-miss
191 silly fetch manifest qs@^6.15.2
192 silly packumentCache full:https://registry.npmjs.org/qs cache-hit
193 silly fetch manifest bytes@^3.1.2
194 silly packumentCache full:https://registry.npmjs.org/bytes cache-miss
195 silly fetch manifest debug@^4.4.3
196 silly packumentCache full:https://registry.npmjs.org/debug cache-hit
197 silly fetch manifest type-is@^2.1.0
198 silly packumentCache full:https://registry.npmjs.org/type-is cache-hit
199 silly fetch manifest raw-body@^3.0.2
200 silly packumentCache full:https://registry.npmjs.org/raw-body cache-miss
201 silly fetch manifest iconv-lite@^0.7.2
202 silly packumentCache full:https://registry.npmjs.org/iconv-lite cache-miss
203 silly fetch manifest http-errors@^2.0.1
204 silly packumentCache full:https://registry.npmjs.org/http-errors cache-hit
205 silly fetch manifest content-type@^2.0.0
206 silly packumentCache full:https://registry.npmjs.org/content-type cache-hit
207 silly fetch manifest ms@^2.1.3
208 silly packumentCache full:https://registry.npmjs.org/ms cache-miss
209 silly fetch manifest inherits@~2.0.4
210 silly packumentCache full:https://registry.npmjs.org/inherits cache-miss
211 silly fetch manifest setprototypeof@~1.2.0
212 silly packumentCache full:https://registry.npmjs.org/setprototypeof cache-miss
213 http fetch GET 200 https://registry.npmjs.org/ms 87ms (cache revalidated)
214 silly packumentCache full:https://registry.npmjs.org/ms set size:92208 disposed:false
215 silly fetch manifest statuses@~2.0.2
216 silly packumentCache full:https://registry.npmjs.org/statuses cache-hit
217 silly fetch manifest toidentifier@~1.0.1
218 silly packumentCache full:https://registry.npmjs.org/toidentifier cache-miss
219 http fetch GET 200 https://registry.npmjs.org/raw-body 114ms (cache revalidated)
220 silly packumentCache full:https://registry.npmjs.org/raw-body set size:120042 disposed:false
221 silly fetch manifest mime-db@^1.54.0
222 silly packumentCache full:https://registry.npmjs.org/mime-db cache-miss
223 http fetch GET 200 https://registry.npmjs.org/iconv-lite 121ms (cache revalidated)
224 silly packumentCache full:https://registry.npmjs.org/iconv-lite set size:126462 disposed:false
225 silly fetch manifest ee-first@1.1.1
226 silly packumentCache full:https://registry.npmjs.org/ee-first cache-miss
227 http fetch GET 200 https://registry.npmjs.org/bytes 153ms (cache revalidated)
228 silly packumentCache full:https://registry.npmjs.org/bytes set size:37018 disposed:false
229 silly fetch manifest wrappy@1
230 silly packumentCache full:https://registry.npmjs.org/wrappy cache-miss
231 http fetch GET 200 https://registry.npmjs.org/negotiator 167ms (cache revalidated)
232 silly packumentCache full:https://registry.npmjs.org/negotiator set size:48046 disposed:false
233 silly fetch manifest forwarded@0.2.0
234 silly packumentCache full:https://registry.npmjs.org/forwarded cache-miss
235 http fetch GET 200 https://registry.npmjs.org/setprototypeof 147ms (cache revalidated)
236 silly packumentCache full:https://registry.npmjs.org/setprototypeof set size:14532 disposed:false
237 silly fetch manifest ipaddr.js@1.9.1
238 silly packumentCache full:https://registry.npmjs.org/ipaddr.js cache-miss
239 http fetch GET 200 https://registry.npmjs.org/inherits 155ms (cache revalidated)
240 silly packumentCache full:https://registry.npmjs.org/inherits set size:12925 disposed:false
241 silly fetch manifest side-channel@^1.1.1
242 silly packumentCache full:https://registry.npmjs.org/side-channel cache-miss
243 http fetch GET 200 https://registry.npmjs.org/toidentifier 120ms (cache revalidated)
244 silly packumentCache full:https://registry.npmjs.org/toidentifier set size:12006 disposed:false
245 silly fetch manifest es-define-property@^1.0.1
246 silly packumentCache full:https://registry.npmjs.org/es-define-property cache-miss
247 http fetch GET 200 https://registry.npmjs.org/mime-db 113ms (cache revalidated)
248 silly packumentCache full:https://registry.npmjs.org/mime-db set size:164953 disposed:false
249 silly fetch manifest is-promise@^4.0.0
250 silly packumentCache full:https://registry.npmjs.org/is-promise cache-miss
251 http fetch GET 200 https://registry.npmjs.org/ee-first 130ms (cache revalidated)
252 silly packumentCache full:https://registry.npmjs.org/ee-first set size:15327 disposed:false
253 silly fetch manifest path-to-regexp@^8.0.0
254 silly packumentCache full:https://registry.npmjs.org/path-to-regexp cache-miss
255 http fetch GET 200 https://registry.npmjs.org/forwarded 111ms (cache revalidated)
256 silly packumentCache full:https://registry.npmjs.org/forwarded set size:11229 disposed:false
257 silly fetch manifest statuses@^2.0.2
258 silly packumentCache full:https://registry.npmjs.org/statuses cache-hit
259 silly fetch manifest media-typer@^1.1.0
260 silly packumentCache full:https://registry.npmjs.org/media-typer cache-miss
261 http fetch GET 200 https://registry.npmjs.org/wrappy 128ms (cache revalidated)
262 silly packumentCache full:https://registry.npmjs.org/wrappy set size:7682 disposed:false
263 http fetch GET 200 https://registry.npmjs.org/ipaddr.js 117ms (cache revalidated)
264 silly packumentCache full:https://registry.npmjs.org/ipaddr.js set size:84329 disposed:false
265 http fetch GET 200 https://registry.npmjs.org/side-channel 117ms (cache revalidated)
266 silly packumentCache full:https://registry.npmjs.org/side-channel set size:27650 disposed:false
267 http fetch GET 200 https://registry.npmjs.org/es-define-property 118ms (cache revalidated)
268 silly packumentCache full:https://registry.npmjs.org/es-define-property set size:8542 disposed:false
269 http fetch GET 200 https://registry.npmjs.org/is-promise 112ms (cache revalidated)
270 silly packumentCache full:https://registry.npmjs.org/is-promise set size:18599 disposed:false
271 http fetch GET 200 https://registry.npmjs.org/media-typer 92ms (cache revalidated)
272 silly packumentCache full:https://registry.npmjs.org/media-typer set size:22074 disposed:false
273 http fetch GET 200 https://registry.npmjs.org/path-to-regexp 106ms (cache revalidated)
274 silly packumentCache full:https://registry.npmjs.org/path-to-regexp set size:216334 disposed:false
275 silly placeDep ROOT negotiator@1.0.0 OK for: accepts@2.0.0 want: ^1.0.0
276 silly placeDep ROOT bytes@3.1.2 OK for: body-parser@2.3.0 want: ^3.1.2
277 silly placeDep node_modules/body-parser content-type@2.0.0 OK for: body-parser@2.3.0 want: ^2.0.0
278 silly placeDep ROOT iconv-lite@0.7.3 OK for: body-parser@2.3.0 want: ^0.7.2
279 silly placeDep ROOT raw-body@3.0.2 OK for: body-parser@2.3.0 want: ^3.0.2
280 silly fetch manifest safer-buffer@>= 2.1.2 < 3.0.0
281 silly packumentCache full:https://registry.npmjs.org/safer-buffer cache-miss
282 silly fetch manifest unpipe@~1.0.0
283 silly packumentCache full:https://registry.npmjs.org/unpipe cache-miss
284 http fetch GET 200 https://registry.npmjs.org/unpipe 57ms (cache revalidated)
285 silly packumentCache full:https://registry.npmjs.org/unpipe set size:3609 disposed:false
286 http fetch GET 200 https://registry.npmjs.org/safer-buffer 82ms (cache revalidated)
287 silly packumentCache full:https://registry.npmjs.org/safer-buffer set size:18521 disposed:false
288 silly placeDep ROOT ms@2.1.3 OK for: debug@4.4.3 want: ^2.1.3
289 silly placeDep ROOT inherits@2.0.4 OK for: http-errors@2.0.1 want: ~2.0.4
290 silly placeDep ROOT setprototypeof@1.2.0 OK for: http-errors@2.0.1 want: ~1.2.0
291 silly placeDep ROOT toidentifier@1.0.1 OK for: http-errors@2.0.1 want: ~1.0.1
292 silly placeDep ROOT safer-buffer@2.1.2 OK for: iconv-lite@0.7.3 want: >= 2.1.2 < 3.0.0
293 silly placeDep ROOT mime-db@1.54.0 OK for: mime-types@3.0.2 want: ^1.54.0
294 silly placeDep ROOT ee-first@1.1.1 OK for: on-finished@2.4.1 want: 1.1.1
295 silly placeDep ROOT wrappy@1.0.2 OK for: once@1.4.0 want: 1
296 silly placeDep ROOT forwarded@0.2.0 OK for: proxy-addr@2.0.7 want: 0.2.0
297 silly placeDep ROOT ipaddr.js@1.9.1 OK for: proxy-addr@2.0.7 want: 1.9.1
298 silly placeDep ROOT es-define-property@1.0.1 OK for: qs@6.15.3 want: ^1.0.1
299 silly placeDep ROOT side-channel@1.1.1 OK for: qs@6.15.3 want: ^1.1.1
300 silly fetch manifest es-errors@^1.3.0
301 silly packumentCache full:https://registry.npmjs.org/es-errors cache-miss
302 silly fetch manifest object-inspect@^1.13.4
303 silly packumentCache full:https://registry.npmjs.org/object-inspect cache-miss
304 silly fetch manifest side-channel-list@^1.0.1
305 silly packumentCache full:https://registry.npmjs.org/side-channel-list cache-miss
306 silly fetch manifest side-channel-map@^1.0.1
307 silly packumentCache full:https://registry.npmjs.org/side-channel-map cache-miss
308 silly fetch manifest side-channel-weakmap@^1.0.2
309 silly packumentCache full:https://registry.npmjs.org/side-channel-weakmap cache-miss
310 http fetch GET 200 https://registry.npmjs.org/es-errors 119ms (cache revalidated)
311 silly packumentCache full:https://registry.npmjs.org/es-errors set size:16918 disposed:false
312 http fetch GET 200 https://registry.npmjs.org/side-channel-list 121ms (cache revalidated)
313 silly packumentCache full:https://registry.npmjs.org/side-channel-list set size:9021 disposed:false
314 http fetch GET 200 https://registry.npmjs.org/side-channel-map 122ms (cache revalidated)
315 silly packumentCache full:https://registry.npmjs.org/side-channel-map set size:9126 disposed:false
316 http fetch GET 200 https://registry.npmjs.org/object-inspect 129ms (cache revalidated)
317 silly packumentCache full:https://registry.npmjs.org/object-inspect set size:101927 disposed:false
318 http fetch GET 200 https://registry.npmjs.org/side-channel-weakmap 132ms (cache revalidated)
319 silly packumentCache full:https://registry.npmjs.org/side-channel-weakmap set size:12620 disposed:false
320 silly placeDep ROOT unpipe@1.0.0 OK for: raw-body@3.0.2 want: ~1.0.0
321 silly placeDep ROOT is-promise@4.0.0 OK for: router@2.2.0 want: ^4.0.0
322 silly placeDep ROOT path-to-regexp@8.4.2 OK for: router@2.2.0 want: ^8.0.0
323 silly placeDep ROOT es-errors@1.3.0 OK for: side-channel@1.1.1 want: ^1.3.0
324 silly placeDep ROOT object-inspect@1.13.4 OK for: side-channel@1.1.1 want: ^1.13.4
325 silly placeDep ROOT side-channel-list@1.0.1 OK for: side-channel@1.1.1 want: ^1.0.1
326 silly placeDep ROOT side-channel-map@1.0.1 OK for: side-channel@1.1.1 want: ^1.0.1
327 silly placeDep ROOT side-channel-weakmap@1.0.2 OK for: side-channel@1.1.1 want: ^1.0.2
328 silly fetch manifest call-bound@^1.0.2
329 silly packumentCache full:https://registry.npmjs.org/call-bound cache-miss
330 silly fetch manifest get-intrinsic@^1.2.5
331 silly packumentCache full:https://registry.npmjs.org/get-intrinsic cache-miss
332 silly fetch manifest call-bound@^1.0.2
333 silly packumentCache full:https://registry.npmjs.org/call-bound cache-miss
334 silly fetch manifest get-intrinsic@^1.2.5
335 silly packumentCache full:https://registry.npmjs.org/get-intrinsic cache-miss
336 http fetch GET 200 https://registry.npmjs.org/call-bound 86ms (cache revalidated)
337 silly packumentCache full:https://registry.npmjs.org/call-bound set size:15317 disposed:false
338 http fetch GET 200 https://registry.npmjs.org/call-bound 88ms (cache revalidated)
339 silly packumentCache full:https://registry.npmjs.org/call-bound set size:15317 disposed:false
340 silly packumentCache full:https://registry.npmjs.org/call-bound dispose
341 http fetch GET 200 https://registry.npmjs.org/get-intrinsic 91ms (cache revalidated)
342 silly packumentCache full:https://registry.npmjs.org/get-intrinsic set size:60985 disposed:false
343 http fetch GET 200 https://registry.npmjs.org/get-intrinsic 99ms (cache revalidated)
344 silly packumentCache full:https://registry.npmjs.org/get-intrinsic set size:60985 disposed:false
345 silly packumentCache full:https://registry.npmjs.org/get-intrinsic dispose
346 silly placeDep ROOT call-bound@1.0.4 OK for: side-channel-map@1.0.1 want: ^1.0.2
347 silly placeDep ROOT get-intrinsic@1.3.0 OK for: side-channel-map@1.0.1 want: ^1.2.5
348 silly fetch manifest call-bind-apply-helpers@^1.0.2
349 silly packumentCache full:https://registry.npmjs.org/call-bind-apply-helpers cache-miss
350 silly fetch manifest get-intrinsic@^1.3.0
351 silly packumentCache full:https://registry.npmjs.org/get-intrinsic cache-hit
352 silly fetch manifest gopd@^1.2.0
353 silly packumentCache full:https://registry.npmjs.org/gopd cache-miss
354 silly fetch manifest hasown@^2.0.2
355 silly packumentCache full:https://registry.npmjs.org/hasown cache-miss
356 silly fetch manifest get-proto@^1.0.1
357 silly packumentCache full:https://registry.npmjs.org/get-proto cache-miss
358 silly fetch manifest has-symbols@^1.1.0
359 silly packumentCache full:https://registry.npmjs.org/has-symbols cache-miss
360 silly fetch manifest function-bind@^1.1.2
361 silly packumentCache full:https://registry.npmjs.org/function-bind cache-miss
362 silly fetch manifest es-object-atoms@^1.1.1
363 silly packumentCache full:https://registry.npmjs.org/es-object-atoms cache-miss
364 http fetch GET 200 https://registry.npmjs.org/gopd 127ms (cache revalidated)
365 silly packumentCache full:https://registry.npmjs.org/gopd set size:11483 disposed:false
366 silly fetch manifest math-intrinsics@^1.1.0
367 silly packumentCache full:https://registry.npmjs.org/math-intrinsics cache-miss
368 http fetch GET 200 https://registry.npmjs.org/get-proto 130ms (cache revalidated)
369 silly packumentCache full:https://registry.npmjs.org/get-proto set size:8300 disposed:false
370 silly fetch manifest call-bind-apply-helpers@^1.0.2
371 silly packumentCache full:https://registry.npmjs.org/call-bind-apply-helpers cache-miss
372 http fetch GET 200 https://registry.npmjs.org/call-bind-apply-helpers 142ms (cache revalidated)
373 silly packumentCache full:https://registry.npmjs.org/call-bind-apply-helpers set size:12744 disposed:false
374 http fetch GET 200 https://registry.npmjs.org/has-symbols 138ms (cache revalidated)
375 silly packumentCache full:https://registry.npmjs.org/has-symbols set size:21550 disposed:false
376 http cache https://registry.npmjs.org/call-bind-apply-helpers 25ms (cache hit)
377 silly packumentCache full:https://registry.npmjs.org/call-bind-apply-helpers set size:12744 disposed:false
378 silly packumentCache full:https://registry.npmjs.org/call-bind-apply-helpers dispose
379 http fetch GET 200 https://registry.npmjs.org/es-object-atoms 168ms (cache revalidated)
380 silly packumentCache full:https://registry.npmjs.org/es-object-atoms set size:18278 disposed:false
381 http fetch GET 200 https://registry.npmjs.org/function-bind 179ms (cache revalidated)
382 silly packumentCache full:https://registry.npmjs.org/function-bind set size:15733 disposed:false
383 http fetch GET 200 https://registry.npmjs.org/hasown 188ms (cache revalidated)
384 silly packumentCache full:https://registry.npmjs.org/hasown set size:18361 disposed:false
385 http fetch GET 200 https://registry.npmjs.org/math-intrinsics 72ms (cache revalidated)
386 silly packumentCache full:https://registry.npmjs.org/math-intrinsics set size:9265 disposed:false
387 silly placeDep ROOT call-bind-apply-helpers@1.0.2 OK for: call-bound@1.0.4 want: ^1.0.2
388 silly placeDep ROOT function-bind@1.1.2 OK for: call-bind-apply-helpers@1.0.2 want: ^1.1.2
389 silly placeDep ROOT es-object-atoms@1.1.2 OK for: get-intrinsic@1.3.0 want: ^1.1.1
390 silly placeDep ROOT get-proto@1.0.1 OK for: get-intrinsic@1.3.0 want: ^1.0.1
391 silly placeDep ROOT gopd@1.2.0 OK for: get-intrinsic@1.3.0 want: ^1.2.0
392 silly placeDep ROOT has-symbols@1.1.0 OK for: get-intrinsic@1.3.0 want: ^1.1.0
393 silly placeDep ROOT hasown@2.0.4 OK for: get-intrinsic@1.3.0 want: ^2.0.2
394 silly placeDep ROOT math-intrinsics@1.1.0 OK for: get-intrinsic@1.3.0 want: ^1.1.0
395 silly fetch manifest dunder-proto@^1.0.1
396 silly packumentCache full:https://registry.npmjs.org/dunder-proto cache-miss
397 http fetch GET 200 https://registry.npmjs.org/dunder-proto 55ms (cache revalidated)
398 silly packumentCache full:https://registry.npmjs.org/dunder-proto set size:8256 disposed:false
399 silly placeDep ROOT dunder-proto@1.0.1 OK for: get-proto@1.0.1 want: ^1.0.1
400 silly placeDep node_modules/socket.io accepts@1.3.8 OK for: socket.io@4.8.3 want: ~1.3.4
401 silly placeDep ROOT base64id@2.0.0 OK for: socket.io@4.8.3 want: ~2.0.0
402 silly placeDep ROOT cors@2.8.6 OK for: socket.io@4.8.3 want: ~2.8.5
403 silly placeDep ROOT engine.io@6.6.9 OK for: socket.io@4.8.3 want: ~6.6.0
404 silly placeDep ROOT socket.io-adapter@2.5.8 OK for: socket.io@4.8.3 want: ~2.5.2
405 silly placeDep ROOT socket.io-parser@4.2.7 OK for: socket.io@4.8.3 want: ~4.2.4
406 silly fetch manifest mime-types@~2.1.34
407 silly packumentCache full:https://registry.npmjs.org/mime-types cache-hit
408 silly fetch manifest negotiator@0.6.3
409 silly packumentCache full:https://registry.npmjs.org/negotiator cache-hit
410 silly fetch manifest object-assign@^4
411 silly packumentCache full:https://registry.npmjs.org/object-assign cache-miss
412 silly fetch manifest ws@~8.21.0
413 silly packumentCache full:https://registry.npmjs.org/ws cache-miss
414 silly fetch manifest @types/ws@^8.5.12
415 silly packumentCache full:https://registry.npmjs.org/@types%2fws cache-miss
416 silly fetch manifest @types/cors@^2.8.12
417 silly packumentCache full:https://registry.npmjs.org/@types%2fcors cache-miss
418 silly fetch manifest @types/node@>=10.0.0
419 silly packumentCache full:https://registry.npmjs.org/@types%2fnode cache-miss
420 silly fetch manifest engine.io-parser@~5.2.1
421 silly packumentCache full:https://registry.npmjs.org/engine.io-parser cache-miss
422 silly fetch manifest ws@~8.21.0
423 silly packumentCache full:https://registry.npmjs.org/ws cache-miss
424 http fetch GET 200 https://registry.npmjs.org/object-assign 258ms (cache miss)
425 silly packumentCache full:https://registry.npmjs.org/object-assign set size:undefined disposed:false
426 silly fetch manifest @socket.io/component-emitter@~3.1.0
427 silly packumentCache full:https://registry.npmjs.org/@socket.io%2fcomponent-emitter cache-miss
428 http fetch GET 200 https://registry.npmjs.org/engine.io-parser 271ms (cache miss)
429 silly packumentCache full:https://registry.npmjs.org/engine.io-parser set size:undefined disposed:false
430 http fetch GET 200 https://registry.npmjs.org/@types%2fcors 293ms (cache miss)
431 silly packumentCache full:https://registry.npmjs.org/@types%2fcors set size:undefined disposed:false
432 http fetch GET 200 https://registry.npmjs.org/@types%2fws 303ms (cache miss)
433 silly packumentCache full:https://registry.npmjs.org/@types%2fws set size:undefined disposed:false
434 http fetch GET 200 https://registry.npmjs.org/ws 360ms (cache miss)
435 silly packumentCache full:https://registry.npmjs.org/ws set size:undefined disposed:false
436 http fetch GET 200 https://registry.npmjs.org/ws 402ms (cache miss)
437 silly packumentCache full:https://registry.npmjs.org/ws set size:undefined disposed:false
438 http fetch GET 200 https://registry.npmjs.org/@socket.io%2fcomponent-emitter 163ms (cache miss)
439 silly packumentCache full:https://registry.npmjs.org/@socket.io%2fcomponent-emitter set size:undefined disposed:false
440 http fetch GET 200 https://registry.npmjs.org/@types%2fnode 831ms (cache miss)
441 silly packumentCache full:https://registry.npmjs.org/@types%2fnode set size:undefined disposed:false
442 silly placeDep ROOT object-assign@4.1.1 OK for: cors@2.8.6 want: ^4
443 silly fetch manifest bufferutil@^4.0.1
444 silly packumentCache full:https://registry.npmjs.org/bufferutil cache-miss
445 http fetch GET 200 https://registry.npmjs.org/bufferutil 91ms (cache miss)
446 silly packumentCache full:https://registry.npmjs.org/bufferutil set size:undefined disposed:false
447 silly fetch manifest utf-8-validate@>=5.0.2
448 silly packumentCache full:https://registry.npmjs.org/utf-8-validate cache-miss
449 http fetch GET 200 https://registry.npmjs.org/utf-8-validate 52ms (cache miss)
450 silly packumentCache full:https://registry.npmjs.org/utf-8-validate set size:undefined disposed:false
451 silly placeDep ROOT @types/cors@2.8.19 OK for: engine.io@6.6.9 want: ^2.8.12
452 silly placeDep ROOT @types/node@26.1.2 OK for: engine.io@6.6.9 want: >=10.0.0
453 silly placeDep ROOT @types/ws@8.18.1 OK for: engine.io@6.6.9 want: ^8.5.12
454 silly placeDep node_modules/engine.io accepts@1.3.8 OK for: engine.io@6.6.9 want: ~1.3.4
455 silly placeDep ROOT engine.io-parser@5.2.3 OK for: engine.io@6.6.9 want: ~5.2.1
456 silly placeDep ROOT ws@8.21.3 OK for: engine.io@6.6.9 want: ~8.21.0
457 silly fetch manifest @types/node@*
458 silly packumentCache full:https://registry.npmjs.org/@types%2fnode cache-miss
459 silly fetch manifest undici-types@~8.3.0
460 silly packumentCache full:https://registry.npmjs.org/undici-types cache-miss
461 http cache https://registry.npmjs.org/@types%2fnode 47ms (cache hit)
462 silly packumentCache full:https://registry.npmjs.org/@types%2fnode set size:11084776 disposed:false
463 http fetch GET 200 https://registry.npmjs.org/undici-types 750ms (cache miss)
464 silly packumentCache full:https://registry.npmjs.org/undici-types set size:undefined disposed:false
465 silly placeDep ROOT undici-types@8.3.0 OK for: @types/node@26.1.2 want: ~8.3.0
466 silly placeDep ROOT @socket.io/component-emitter@3.1.2 OK for: socket.io-parser@4.2.7 want: ~3.1.0
467 silly placeDep node_modules/type-is content-type@2.0.0 OK for: type-is@2.1.0 want: ^2.0.0
468 silly placeDep ROOT media-typer@1.1.1 OK for: type-is@2.1.0 want: ^1.1.0
469 silly placeDep node_modules/engine.io mime-types@2.1.35 OK for: accepts@1.3.8 want: ~2.1.34
470 silly placeDep node_modules/engine.io negotiator@0.6.3 OK for: accepts@1.3.8 want: 0.6.3
471 silly fetch manifest mime-db@1.52.0
472 silly packumentCache full:https://registry.npmjs.org/mime-db cache-hit
473 silly placeDep node_modules/engine.io mime-db@1.52.0 OK for: mime-types@2.1.35 want: 1.52.0
474 silly placeDep node_modules/socket.io mime-types@2.1.35 OK for: accepts@1.3.8 want: ~2.1.34
475 silly placeDep node_modules/socket.io negotiator@0.6.3 OK for: accepts@1.3.8 want: 0.6.3
476 silly placeDep node_modules/socket.io mime-db@1.52.0 OK for: mime-types@2.1.35 want: 1.52.0
477 silly reify moves {}
478 silly audit bulk request {
478 silly audit   express: [ '5.2.1' ],
478 silly audit   'socket.io': [ '4.8.3' ],
478 silly audit   accepts: [ '2.0.0', '1.3.8' ],
478 silly audit   'body-parser': [ '2.3.0' ],
478 silly audit   'content-disposition': [ '1.1.0' ],
478 silly audit   'content-type': [ '1.0.5', '2.0.0' ],
478 silly audit   cookie: [ '0.7.2' ],
478 silly audit   'cookie-signature': [ '1.2.2' ],
478 silly audit   debug: [ '4.4.3' ],
478 silly audit   depd: [ '2.0.0' ],
478 silly audit   encodeurl: [ '2.0.0' ],
478 silly audit   'escape-html': [ '1.0.3' ],
478 silly audit   etag: [ '1.8.1' ],
478 silly audit   finalhandler: [ '2.1.1' ],
478 silly audit   fresh: [ '2.0.0' ],
478 silly audit   'http-errors': [ '2.0.1' ],
478 silly audit   'merge-descriptors': [ '2.0.0' ],
478 silly audit   'mime-types': [ '3.0.2', '2.1.35' ],
478 silly audit   'on-finished': [ '2.4.1' ],
478 silly audit   once: [ '1.4.0' ],
478 silly audit   parseurl: [ '1.3.3' ],
478 silly audit   'proxy-addr': [ '2.0.7' ],
478 silly audit   qs: [ '6.15.3' ],
478 silly audit   'range-parser': [ '1.3.0' ],
478 silly audit   router: [ '2.2.0' ],
478 silly audit   send: [ '1.2.1' ],
478 silly audit   'serve-static': [ '2.2.1' ],
478 silly audit   statuses: [ '2.0.2' ],
478 silly audit   'type-is': [ '2.1.0' ],
478 silly audit   vary: [ '1.1.2' ],
478 silly audit   negotiator: [ '1.0.0', '0.6.3' ],
478 silly audit   bytes: [ '3.1.2' ],
478 silly audit   'iconv-lite': [ '0.7.3' ],
478 silly audit   'raw-body': [ '3.0.2' ],
478 silly audit   ms: [ '2.1.3' ],
478 silly audit   inherits: [ '2.0.4' ],
478 silly audit   setprototypeof: [ '1.2.0' ],
478 silly audit   toidentifier: [ '1.0.1' ],
478 silly audit   'safer-buffer': [ '2.1.2' ],
478 silly audit   'mime-db': [ '1.54.0', '1.52.0' ],
478 silly audit   'ee-first': [ '1.1.1' ],
478 silly audit   wrappy: [ '1.0.2' ],
478 silly audit   forwarded: [ '0.2.0' ],
478 silly audit   'ipaddr.js': [ '1.9.1' ],
478 silly audit   'es-define-property': [ '1.0.1' ],
478 silly audit   'side-channel': [ '1.1.1' ],
478 silly audit   unpipe: [ '1.0.0' ],
478 silly audit   'is-promise': [ '4.0.0' ],
478 silly audit   'path-to-regexp': [ '8.4.2' ],
478 silly audit   'es-errors': [ '1.3.0' ],
478 silly audit   'object-inspect': [ '1.13.4' ],
478 silly audit   'side-channel-list': [ '1.0.1' ],
478 silly audit   'side-channel-map': [ '1.0.1' ],
478 silly audit   'side-channel-weakmap': [ '1.0.2' ],
478 silly audit   'call-bound': [ '1.0.4' ],
478 silly audit   'get-intrinsic': [ '1.3.0' ],
478 silly audit   'call-bind-apply-helpers': [ '1.0.2' ],
478 silly audit   'function-bind': [ '1.1.2' ],
478 silly audit   'es-object-atoms': [ '1.1.2' ],
478 silly audit   'get-proto': [ '1.0.1' ],
478 silly audit   gopd: [ '1.2.0' ],
478 silly audit   'has-symbols': [ '1.1.0' ],
478 silly audit   hasown: [ '2.0.4' ],
478 silly audit   'math-intrinsics': [ '1.1.0' ],
478 silly audit   'dunder-proto': [ '1.0.1' ],
478 silly audit   base64id: [ '2.0.0' ],
478 silly audit   cors: [ '2.8.6' ],
478 silly audit   'engine.io': [ '6.6.9' ],
478 silly audit   'socket.io-adapter': [ '2.5.8' ],
478 silly audit   'socket.io-parser': [ '4.2.7' ],
478 silly audit   'object-assign': [ '4.1.1' ],
478 silly audit   '@types/cors': [ '2.8.19' ],
478 silly audit   '@types/node': [ '26.1.2' ],
478 silly audit   '@types/ws': [ '8.18.1' ],
478 silly audit   'engine.io-parser': [ '5.2.3' ],
478 silly audit   ws: [ '8.21.3' ],
478 silly audit   'undici-types': [ '8.3.0' ],
478 silly audit   '@socket.io/component-emitter': [ '3.1.2' ],
478 silly audit   'media-typer': [ '1.1.1' ]
478 silly audit }
479 http cache media-typer@https://registry.npmjs.org/media-typer/-/media-typer-1.1.1.tgz 0ms (cache hit)
480 http cache @socket.io/component-emitter@https://registry.npmjs.org/@socket.io/component-emitter/-/component-emitter-3.1.2.tgz 0ms (cache hit)
481 http cache undici-types@https://registry.npmjs.org/undici-types/-/undici-types-8.3.0.tgz 0ms (cache hit)
482 http cache ws@https://registry.npmjs.org/ws/-/ws-8.21.3.tgz 0ms (cache hit)
483 http cache @types/ws@https://registry.npmjs.org/@types/ws/-/ws-8.18.1.tgz 0ms (cache hit)
484 http cache engine.io-parser@https://registry.npmjs.org/engine.io-parser/-/engine.io-parser-5.2.3.tgz 0ms (cache hit)
485 http cache @types/node@https://registry.npmjs.org/@types/node/-/node-26.1.2.tgz 0ms (cache hit)
486 http cache object-assign@https://registry.npmjs.org/object-assign/-/object-assign-4.1.1.tgz 0ms (cache hit)
487 http cache socket.io-adapter@https://registry.npmjs.org/socket.io-adapter/-/socket.io-adapter-2.5.8.tgz 0ms (cache hit)
488 http cache engine.io@https://registry.npmjs.org/engine.io/-/engine.io-6.6.9.tgz 0ms (cache hit)
489 http cache cors@https://registry.npmjs.org/cors/-/cors-2.8.6.tgz 0ms (cache hit)
490 http cache base64id@https://registry.npmjs.org/base64id/-/base64id-2.0.0.tgz 0ms (cache hit)
491 http cache dunder-proto@https://registry.npmjs.org/dunder-proto/-/dunder-proto-1.0.1.tgz 0ms (cache hit)
492 http cache socket.io-parser@https://registry.npmjs.org/socket.io-parser/-/socket.io-parser-4.2.7.tgz 0ms (cache hit)
493 http cache @types/cors@https://registry.npmjs.org/@types/cors/-/cors-2.8.19.tgz 0ms (cache hit)
494 http cache math-intrinsics@https://registry.npmjs.org/math-intrinsics/-/math-intrinsics-1.1.0.tgz 0ms (cache hit)
495 http cache has-symbols@https://registry.npmjs.org/has-symbols/-/has-symbols-1.1.0.tgz 0ms (cache hit)
496 http cache get-proto@https://registry.npmjs.org/get-proto/-/get-proto-1.0.1.tgz 0ms (cache hit)
497 http cache hasown@https://registry.npmjs.org/hasown/-/hasown-2.0.4.tgz 0ms (cache hit)
498 http cache es-object-atoms@https://registry.npmjs.org/es-object-atoms/-/es-object-atoms-1.1.2.tgz 0ms (cache hit)
499 http cache gopd@https://registry.npmjs.org/gopd/-/gopd-1.2.0.tgz 0ms (cache hit)
500 http cache call-bind-apply-helpers@https://registry.npmjs.org/call-bind-apply-helpers/-/call-bind-apply-helpers-1.0.2.tgz 0ms (cache hit)
501 http cache function-bind@https://registry.npmjs.org/function-bind/-/function-bind-1.1.2.tgz 0ms (cache hit)
502 http cache call-bound@https://registry.npmjs.org/call-bound/-/call-bound-1.0.4.tgz 0ms (cache hit)
503 http cache get-intrinsic@https://registry.npmjs.org/get-intrinsic/-/get-intrinsic-1.3.0.tgz 0ms (cache hit)
504 http cache side-channel-weakmap@https://registry.npmjs.org/side-channel-weakmap/-/side-channel-weakmap-1.0.2.tgz 0ms (cache hit)
505 http cache side-channel-list@https://registry.npmjs.org/side-channel-list/-/side-channel-list-1.0.1.tgz 0ms (cache hit)
506 http cache object-inspect@https://registry.npmjs.org/object-inspect/-/object-inspect-1.13.4.tgz 0ms (cache hit)
507 http cache es-errors@https://registry.npmjs.org/es-errors/-/es-errors-1.3.0.tgz 0ms (cache hit)
508 http cache path-to-regexp@https://registry.npmjs.org/path-to-regexp/-/path-to-regexp-8.4.2.tgz 0ms (cache hit)
509 http cache is-promise@https://registry.npmjs.org/is-promise/-/is-promise-4.0.0.tgz 0ms (cache hit)
510 http cache side-channel@https://registry.npmjs.org/side-channel/-/side-channel-1.1.1.tgz 0ms (cache hit)
511 http cache unpipe@https://registry.npmjs.org/unpipe/-/unpipe-1.0.0.tgz 0ms (cache hit)
512 http cache es-define-property@https://registry.npmjs.org/es-define-property/-/es-define-property-1.0.1.tgz 0ms (cache hit)
513 http cache side-channel-map@https://registry.npmjs.org/side-channel-map/-/side-channel-map-1.0.1.tgz 0ms (cache hit)
514 http cache ipaddr.js@https://registry.npmjs.org/ipaddr.js/-/ipaddr.js-1.9.1.tgz 0ms (cache hit)
515 http cache ee-first@https://registry.npmjs.org/ee-first/-/ee-first-1.1.1.tgz 0ms (cache hit)
516 http cache mime-db@https://registry.npmjs.org/mime-db/-/mime-db-1.54.0.tgz 0ms (cache hit)
517 http cache forwarded@https://registry.npmjs.org/forwarded/-/forwarded-0.2.0.tgz 0ms (cache hit)
518 http cache safer-buffer@https://registry.npmjs.org/safer-buffer/-/safer-buffer-2.1.2.tgz 0ms (cache hit)
519 http cache toidentifier@https://registry.npmjs.org/toidentifier/-/toidentifier-1.0.1.tgz 0ms (cache hit)
520 http cache inherits@https://registry.npmjs.org/inherits/-/inherits-2.0.4.tgz 0ms (cache hit)
521 http cache ms@https://registry.npmjs.org/ms/-/ms-2.1.3.tgz 0ms (cache hit)
522 http cache setprototypeof@https://registry.npmjs.org/setprototypeof/-/setprototypeof-1.2.0.tgz 0ms (cache hit)
523 http cache raw-body@https://registry.npmjs.org/raw-body/-/raw-body-3.0.2.tgz 0ms (cache hit)
524 http cache bytes@https://registry.npmjs.org/bytes/-/bytes-3.1.2.tgz 0ms (cache hit)
525 http cache negotiator@https://registry.npmjs.org/negotiator/-/negotiator-1.0.0.tgz 1ms (cache hit)
526 http cache iconv-lite@https://registry.npmjs.org/iconv-lite/-/iconv-lite-0.7.3.tgz 0ms (cache hit)
527 http cache vary@https://registry.npmjs.org/vary/-/vary-1.1.2.tgz 0ms (cache hit)
528 http cache wrappy@https://registry.npmjs.org/wrappy/-/wrappy-1.0.2.tgz 0ms (cache hit)
529 http cache statuses@https://registry.npmjs.org/statuses/-/statuses-2.0.2.tgz 0ms (cache hit)
530 http cache serve-static@https://registry.npmjs.org/serve-static/-/serve-static-2.2.1.tgz 0ms (cache hit)
531 http cache type-is@https://registry.npmjs.org/type-is/-/type-is-2.1.0.tgz 0ms (cache hit)
532 http cache router@https://registry.npmjs.org/router/-/router-2.2.0.tgz 0ms (cache hit)
533 http cache qs@https://registry.npmjs.org/qs/-/qs-6.15.3.tgz 0ms (cache hit)
534 http cache parseurl@https://registry.npmjs.org/parseurl/-/parseurl-1.3.3.tgz 0ms (cache hit)
535 http cache range-parser@https://registry.npmjs.org/range-parser/-/range-parser-1.3.0.tgz 0ms (cache hit)
536 http cache send@https://registry.npmjs.org/send/-/send-1.2.1.tgz 0ms (cache hit)
537 http cache proxy-addr@https://registry.npmjs.org/proxy-addr/-/proxy-addr-2.0.7.tgz 0ms (cache hit)
538 http cache mime-types@https://registry.npmjs.org/mime-types/-/mime-types-3.0.2.tgz 0ms (cache hit)
539 http cache merge-descriptors@https://registry.npmjs.org/merge-descriptors/-/merge-descriptors-2.0.0.tgz 0ms (cache hit)
540 http cache once@https://registry.npmjs.org/once/-/once-1.4.0.tgz 0ms (cache hit)
541 http cache http-errors@https://registry.npmjs.org/http-errors/-/http-errors-2.0.1.tgz 0ms (cache hit)
542 http cache fresh@https://registry.npmjs.org/fresh/-/fresh-2.0.0.tgz 1ms (cache hit)
543 http cache finalhandler@https://registry.npmjs.org/finalhandler/-/finalhandler-2.1.1.tgz 0ms (cache hit)
544 http cache escape-html@https://registry.npmjs.org/escape-html/-/escape-html-1.0.3.tgz 0ms (cache hit)
545 http cache encodeurl@https://registry.npmjs.org/encodeurl/-/encodeurl-2.0.0.tgz 0ms (cache hit)
546 http cache depd@https://registry.npmjs.org/depd/-/depd-2.0.0.tgz 0ms (cache hit)
547 http cache etag@https://registry.npmjs.org/etag/-/etag-1.8.1.tgz 0ms (cache hit)
548 http cache debug@https://registry.npmjs.org/debug/-/debug-4.4.3.tgz 0ms (cache hit)
549 http cache cookie@https://registry.npmjs.org/cookie/-/cookie-0.7.2.tgz 0ms (cache hit)
550 http cache content-type@https://registry.npmjs.org/content-type/-/content-type-1.0.5.tgz 0ms (cache hit)
551 http cache cookie-signature@https://registry.npmjs.org/cookie-signature/-/cookie-signature-1.2.2.tgz 0ms (cache hit)
552 http cache on-finished@https://registry.npmjs.org/on-finished/-/on-finished-2.4.1.tgz 0ms (cache hit)
553 http cache content-disposition@https://registry.npmjs.org/content-disposition/-/content-disposition-1.1.0.tgz 0ms (cache hit)
554 http cache socket.io@https://registry.npmjs.org/socket.io/-/socket.io-4.8.3.tgz 0ms (cache hit)
555 http cache express@https://registry.npmjs.org/express/-/express-5.2.1.tgz 0ms (cache hit)
556 http cache body-parser@https://registry.npmjs.org/body-parser/-/body-parser-2.3.0.tgz 0ms (cache hit)
557 http cache mime-db@https://registry.npmjs.org/mime-db/-/mime-db-1.52.0.tgz 0ms (cache hit)
558 http cache accepts@https://registry.npmjs.org/accepts/-/accepts-2.0.0.tgz 0ms (cache hit)
559 http cache mime-types@https://registry.npmjs.org/mime-types/-/mime-types-2.1.35.tgz 0ms (cache hit)
560 http cache negotiator@https://registry.npmjs.org/negotiator/-/negotiator-0.6.3.tgz 0ms (cache hit)
561 http cache content-type@https://registry.npmjs.org/content-type/-/content-type-2.0.0.tgz 0ms (cache hit)
562 http cache accepts@https://registry.npmjs.org/accepts/-/accepts-1.3.8.tgz 0ms (cache hit)
563 http cache mime-db@https://registry.npmjs.org/mime-db/-/mime-db-1.52.0.tgz 0ms (cache hit)
564 http cache mime-types@https://registry.npmjs.org/mime-types/-/mime-types-2.1.35.tgz 0ms (cache hit)
565 http cache content-type@https://registry.npmjs.org/content-type/-/content-type-2.0.0.tgz 0ms (cache hit)
566 http cache accepts@https://registry.npmjs.org/accepts/-/accepts-1.3.8.tgz 0ms (cache hit)
567 http cache negotiator@https://registry.npmjs.org/negotiator/-/negotiator-0.6.3.tgz 0ms (cache hit)
568 silly tarball no local data for @socket.io/component-emitter@https://registry.npmjs.org/@socket.io/component-emitter/-/component-emitter-3.1.2.tgz. Extracting by manifest.
569 silly tarball no local data for undici-types@https://registry.npmjs.org/undici-types/-/undici-types-8.3.0.tgz. Extracting by manifest.
570 silly tarball no local data for ws@https://registry.npmjs.org/ws/-/ws-8.21.3.tgz. Extracting by manifest.
571 silly tarball no local data for @types/ws@https://registry.npmjs.org/@types/ws/-/ws-8.18.1.tgz. Extracting by manifest.
572 silly tarball no local data for engine.io-parser@https://registry.npmjs.org/engine.io-parser/-/engine.io-parser-5.2.3.tgz. Extracting by manifest.
573 silly tarball no local data for @types/node@https://registry.npmjs.org/@types/node/-/node-26.1.2.tgz. Extracting by manifest.
574 silly tarball no local data for object-assign@https://registry.npmjs.org/object-assign/-/object-assign-4.1.1.tgz. Extracting by manifest.
575 silly tarball no local data for socket.io-adapter@https://registry.npmjs.org/socket.io-adapter/-/socket.io-adapter-2.5.8.tgz. Extracting by manifest.
576 silly tarball no local data for engine.io@https://registry.npmjs.org/engine.io/-/engine.io-6.6.9.tgz. Extracting by manifest.
577 silly tarball no local data for cors@https://registry.npmjs.org/cors/-/cors-2.8.6.tgz. Extracting by manifest.
578 silly tarball no local data for base64id@https://registry.npmjs.org/base64id/-/base64id-2.0.0.tgz. Extracting by manifest.
579 silly tarball no local data for socket.io-parser@https://registry.npmjs.org/socket.io-parser/-/socket.io-parser-4.2.7.tgz. Extracting by manifest.
580 silly tarball no local data for @types/cors@https://registry.npmjs.org/@types/cors/-/cors-2.8.19.tgz. Extracting by manifest.
581 silly tarball no local data for socket.io@https://registry.npmjs.org/socket.io/-/socket.io-4.8.3.tgz. Extracting by manifest.
582 silly tarball no local data for mime-db@https://registry.npmjs.org/mime-db/-/mime-db-1.52.0.tgz. Extracting by manifest.
583 silly tarball no local data for mime-types@https://registry.npmjs.org/mime-types/-/mime-types-2.1.35.tgz. Extracting by manifest.
584 silly tarball no local data for negotiator@https://registry.npmjs.org/negotiator/-/negotiator-0.6.3.tgz. Extracting by manifest.
585 silly tarball no local data for accepts@https://registry.npmjs.org/accepts/-/accepts-1.3.8.tgz. Extracting by manifest.
586 silly tarball no local data for mime-db@https://registry.npmjs.org/mime-db/-/mime-db-1.52.0.tgz. Extracting by manifest.
587 silly tarball no local data for mime-types@https://registry.npmjs.org/mime-types/-/mime-types-2.1.35.tgz. Extracting by manifest.
588 silly tarball no local data for accepts@https://registry.npmjs.org/accepts/-/accepts-1.3.8.tgz. Extracting by manifest.
589 silly tarball no local data for negotiator@https://registry.npmjs.org/negotiator/-/negotiator-0.6.3.tgz. Extracting by manifest.
590 http fetch POST 200 https://registry.npmjs.org/-/npm/v1/security/advisories/bulk 1095ms
591 silly audit report {}
592 http fetch GET 200 https://registry.npmjs.org/negotiator/-/negotiator-0.6.3.tgz 1180ms (cache miss)
593 http fetch GET 200 https://registry.npmjs.org/@types/ws/-/ws-8.18.1.tgz 1271ms (cache miss)
594 http fetch GET 200 https://registry.npmjs.org/mime-types/-/mime-types-2.1.35.tgz 1214ms (cache miss)
595 http fetch GET 200 https://registry.npmjs.org/accepts/-/accepts-1.3.8.tgz 1225ms (cache miss)
596 http fetch GET 200 https://registry.npmjs.org/mime-types/-/mime-types-2.1.35.tgz 1252ms (cache miss)
597 http fetch GET 200 https://registry.npmjs.org/object-assign/-/object-assign-4.1.1.tgz 1309ms (cache miss)
598 http fetch GET 200 https://registry.npmjs.org/negotiator/-/negotiator-0.6.3.tgz 1239ms (cache miss)
599 http fetch GET 200 https://registry.npmjs.org/accepts/-/accepts-1.3.8.tgz 1244ms (cache miss)
600 http fetch GET 200 https://registry.npmjs.org/@types/cors/-/cors-2.8.19.tgz 1293ms (cache miss)
601 http fetch GET 200 https://registry.npmjs.org/base64id/-/base64id-2.0.0.tgz 1302ms (cache miss)
602 http fetch GET 200 https://registry.npmjs.org/cors/-/cors-2.8.6.tgz 1336ms (cache miss)
603 http fetch GET 200 https://registry.npmjs.org/mime-db/-/mime-db-1.52.0.tgz 1317ms (cache miss)
604 http fetch GET 200 https://registry.npmjs.org/@socket.io/component-emitter/-/component-emitter-3.1.2.tgz 1411ms (cache miss)
605 http fetch GET 200 https://registry.npmjs.org/mime-db/-/mime-db-1.52.0.tgz 1384ms (cache miss)
606 http fetch GET 200 https://registry.npmjs.org/socket.io-adapter/-/socket.io-adapter-2.5.8.tgz 1449ms (cache miss)
607 http fetch GET 200 https://registry.npmjs.org/ws/-/ws-8.21.3.tgz 1512ms (cache miss)
608 http fetch GET 200 https://registry.npmjs.org/undici-types/-/undici-types-8.3.0.tgz 1530ms (cache miss)
609 http fetch GET 200 https://registry.npmjs.org/socket.io-parser/-/socket.io-parser-4.2.7.tgz 1629ms (cache miss)
610 http fetch GET 200 https://registry.npmjs.org/engine.io-parser/-/engine.io-parser-5.2.3.tgz 1736ms (cache miss)
611 http fetch GET 200 https://registry.npmjs.org/engine.io/-/engine.io-6.6.9.tgz 1739ms (cache miss)
612 http fetch GET 200 https://registry.npmjs.org/socket.io/-/socket.io-4.8.3.tgz 1716ms (cache miss)
613 http fetch GET 200 https://registry.npmjs.org/@types/node/-/node-26.1.2.tgz 1836ms (cache miss)
614 silly ADD node_modules/media-typer
615 silly ADD node_modules/@socket.io/component-emitter
616 silly ADD node_modules/undici-types
617 silly ADD node_modules/ws
618 silly ADD node_modules/engine.io-parser
619 silly ADD node_modules/@types/ws
620 silly ADD node_modules/@types/node
621 silly ADD node_modules/@types/cors
622 silly ADD node_modules/object-assign
623 silly ADD node_modules/socket.io-parser
624 silly ADD node_modules/socket.io-adapter
625 silly ADD node_modules/engine.io
626 silly ADD node_modules/engine.io/node_modules/mime-db
627 silly ADD node_modules/engine.io/node_modules/negotiator
628 silly ADD node_modules/engine.io/node_modules/mime-types
629 silly ADD node_modules/engine.io/node_modules/accepts
630 silly ADD node_modules/cors
631 silly ADD node_modules/base64id
632 silly ADD node_modules/dunder-proto
633 silly ADD node_modules/math-intrinsics
634 silly ADD node_modules/hasown
635 silly ADD node_modules/has-symbols
636 silly ADD node_modules/gopd
637 silly ADD node_modules/get-proto
638 silly ADD node_modules/es-object-atoms
639 silly ADD node_modules/function-bind
640 silly ADD node_modules/call-bind-apply-helpers
641 silly ADD node_modules/get-intrinsic
642 silly ADD node_modules/call-bound
643 silly ADD node_modules/side-channel-weakmap
644 silly ADD node_modules/side-channel-map
645 silly ADD node_modules/side-channel-list
646 silly ADD node_modules/object-inspect
647 silly ADD node_modules/es-errors
648 silly ADD node_modules/path-to-regexp
649 silly ADD node_modules/is-promise
650 silly ADD node_modules/unpipe
651 silly ADD node_modules/side-channel
652 silly ADD node_modules/es-define-property
653 silly ADD node_modules/ipaddr.js
654 silly ADD node_modules/forwarded
655 silly ADD node_modules/wrappy
656 silly ADD node_modules/ee-first
657 silly ADD node_modules/mime-db
658 silly ADD node_modules/safer-buffer
659 silly ADD node_modules/toidentifier
660 silly ADD node_modules/setprototypeof
661 silly ADD node_modules/inherits
662 silly ADD node_modules/ms
663 silly ADD node_modules/raw-body
664 silly ADD node_modules/iconv-lite
665 silly ADD node_modules/bytes
666 silly ADD node_modules/negotiator
667 silly ADD node_modules/vary
668 silly ADD node_modules/type-is
669 silly ADD node_modules/type-is/node_modules/content-type
670 silly ADD node_modules/statuses
671 silly ADD node_modules/serve-static
672 silly ADD node_modules/send
673 silly ADD node_modules/router
674 silly ADD node_modules/range-parser
675 silly ADD node_modules/qs
676 silly ADD node_modules/proxy-addr
677 silly ADD node_modules/parseurl
678 silly ADD node_modules/once
679 silly ADD node_modules/on-finished
680 silly ADD node_modules/mime-types
681 silly ADD node_modules/merge-descriptors
682 silly ADD node_modules/http-errors
683 silly ADD node_modules/fresh
684 silly ADD node_modules/finalhandler
685 silly ADD node_modules/etag
686 silly ADD node_modules/escape-html
687 silly ADD node_modules/encodeurl
688 silly ADD node_modules/depd
689 silly ADD node_modules/debug
690 silly ADD node_modules/cookie-signature
691 silly ADD node_modules/cookie
692 silly ADD node_modules/content-type
693 silly ADD node_modules/content-disposition
694 silly ADD node_modules/body-parser
695 silly ADD node_modules/body-parser/node_modules/content-type
696 silly ADD node_modules/accepts
697 silly ADD node_modules/socket.io
698 silly ADD node_modules/socket.io/node_modules/mime-db
699 silly ADD node_modules/socket.io/node_modules/negotiator
700 silly ADD node_modules/socket.io/node_modules/mime-types
701 silly ADD node_modules/socket.io/node_modules/accepts
702 silly ADD node_modules/express
703 verbose cwd /data/data/com.termux/files/home/minha-radio
704 verbose os Linux 5.10.240-android12-9-00006-g25161a557b20-ab14744618
705 verbose node v26.4.0
706 verbose npm  v11.19.0
707 verbose exit 0
708 info ok
