0 verbose cli /data/data/com.termux/files/usr/bin/node /data/data/com.termux/files/usr/lib/node_modules/npm/bin/npm-cli.js
1 info using npm@11.19.0
2 info using node@v26.4.0
3 silly config load:file:/data/data/com.termux/files/usr/lib/node_modules/npm/npmrc
4 silly config load:file:/data/data/com.termux/files/home/minha-radio/.npmrc
5 silly config load:file:/data/data/com.termux/files/home/.npmrc
6 silly config load:file:/data/data/com.termux/files/usr/etc/npmrc
7 verbose title npm exec localtunnel --port 3000
8 verbose argv "exec" "--" "localtunnel" "--port" "3000"
9 verbose logfile logs-max:10 dir:/data/data/com.termux/files/home/.npm/_logs/2026-08-07T14_49_12_083Z-
10 verbose logfile /data/data/com.termux/files/home/.npm/_logs/2026-08-07T14_49_12_083Z-debug-0.log
11 silly logfile start cleaning logs, removing 1 files
12 silly logfile done cleaning log files
13 silly packumentCache heap:1174405120 maxSize:293601280 maxEntrySize:146800640
14 http fetch GET 200 https://registry.npmjs.org/localtunnel 452ms (cache revalidated)
15 silly packumentCache heap:1174405120 maxSize:293601280 maxEntrySize:146800640
16 verbose cwd /data/data/com.termux/files/home/minha-radio
17 verbose os Linux 5.10.240-android12-9-00006-g25161a557b20-ab14744618
18 verbose node v26.4.0
19 verbose npm  v11.19.0
20 verbose exit 1
21 verbose code 1
