0 verbose cli /data/data/com.termux/files/usr/bin/node /data/data/com.termux/files/usr/bin/npm
1 info using npm@11.19.0
2 info using node@v26.4.0
3 silly config load:file:/data/data/com.termux/files/usr/lib/node_modules/npm/npmrc
4 silly config load:file:/data/data/com.termux/files/home/minha-radio/.npmrc
5 silly config load:file:/data/data/com.termux/files/home/.npmrc
6 silly config load:file:/data/data/com.termux/files/usr/etc/npmrc
7 verbose title npm install express socket.io
8 verbose argv "install" "express" "socket.io"
9 verbose logfile logs-max:10 dir:/data/data/com.termux/files/home/.npm/_logs/2026-08-07T17_05_12_913Z-
10 verbose logfile /data/data/com.termux/files/home/.npm/_logs/2026-08-07T17_05_12_913Z-debug-0.log
11 silly logfile start cleaning logs, removing 1 files
12 silly logfile done cleaning log files
13 silly packumentCache heap:1174405120 maxSize:293601280 maxEntrySize:146800640
14 silly idealTree buildDeps
15 silly fetch manifest express@^4.18.2
16 silly packumentCache full:https://registry.npmjs.org/express cache-miss
17 http fetch GET 200 https://registry.npmjs.org/express 417ms (cache revalidated)
18 silly packumentCache full:https://registry.npmjs.org/express set size:804956 disposed:false
19 silly fetch manifest socket.io@^4.7.2
20 silly packumentCache full:https://registry.npmjs.org/socket.io cache-miss
21 http fetch GET 200 https://registry.npmjs.org/socket.io 80ms (cache revalidated)
22 silly packumentCache full:https://registry.npmjs.org/socket.io set size:379231 disposed:false
23 silly placeDep ROOT express@4.22.2 REPLACE for: minha-radio@1.0.0 want: ^4.18.2
24 silly placeDep ROOT socket.io@4.8.3 REPLACE for: minha-radio@1.0.0 want: ^4.7.2
25 silly fetch manifest qs@~6.15.1
26 silly packumentCache full:https://registry.npmjs.org/qs cache-miss
27 silly fetch manifest depd@2.0.0
28 silly packumentCache full:https://registry.npmjs.org/depd cache-miss
29 silly fetch manifest etag@~1.8.1
30 silly packumentCache full:https://registry.npmjs.org/etag cache-miss
31 silly fetch manifest send@~0.19.0
32 silly packumentCache full:https://registry.npmjs.org/send cache-miss
33 silly fetch manifest debug@2.6.9
34 silly packumentCache full:https://registry.npmjs.org/debug cache-miss
35 silly fetch manifest fresh@~0.5.2
36 silly packumentCache full:https://registry.npmjs.org/fresh cache-miss
37 silly fetch manifest accepts@~1.3.8
38 silly packumentCache full:https://registry.npmjs.org/accepts cache-miss
39 http fetch GET 200 https://registry.npmjs.org/etag 98ms (cache revalidated)
40 silly packumentCache full:https://registry.npmjs.org/etag set size:30032 disposed:false
41 silly fetch manifest methods@~1.1.2
42 silly packumentCache full:https://registry.npmjs.org/methods cache-miss
43 http fetch GET 200 https://registry.npmjs.org/methods 129ms (cache miss)
44 silly packumentCache full:https://registry.npmjs.org/methods set size:undefined disposed:false
45 silly fetch manifest type-is@~1.6.18
46 silly packumentCache full:https://registry.npmjs.org/type-is cache-miss
47 http fetch GET 200 https://registry.npmjs.org/depd 255ms (cache revalidated)
48 silly packumentCache full:https://registry.npmjs.org/depd set size:40182 disposed:false
49 silly fetch manifest parseurl@~1.3.3
50 silly packumentCache full:https://registry.npmjs.org/parseurl cache-miss
51 http fetch GET 200 https://registry.npmjs.org/send 260ms (cache revalidated)
52 silly packumentCache full:https://registry.npmjs.org/send set size:152810 disposed:false
53 silly fetch manifest statuses@~2.0.1
54 silly packumentCache full:https://registry.npmjs.org/statuses cache-miss
55 http fetch GET 200 https://registry.npmjs.org/qs 303ms (cache revalidated)
56 silly packumentCache full:https://registry.npmjs.org/qs set size:360318 disposed:false
57 silly fetch manifest encodeurl@~2.0.0
58 silly packumentCache full:https://registry.npmjs.org/encodeurl cache-miss
59 http fetch GET 200 https://registry.npmjs.org/fresh 293ms (cache revalidated)
60 silly packumentCache full:https://registry.npmjs.org/fresh set size:25427 disposed:false
61 silly fetch manifest body-parser@~1.20.5
62 silly packumentCache full:https://registry.npmjs.org/body-parser cache-miss
63 http fetch GET 200 https://registry.npmjs.org/debug 303ms (cache revalidated)
64 silly packumentCache full:https://registry.npmjs.org/debug set size:195840 disposed:false
65 silly fetch manifest escape-html@~1.0.3
66 silly packumentCache full:https://registry.npmjs.org/escape-html cache-miss
67 http fetch GET 200 https://registry.npmjs.org/accepts 317ms (cache revalidated)
68 silly packumentCache full:https://registry.npmjs.org/accepts set size:77054 disposed:false
69 silly fetch manifest http-errors@~2.0.0
70 silly packumentCache full:https://registry.npmjs.org/http-errors cache-miss
71 http fetch GET 200 https://registry.npmjs.org/type-is 159ms (cache revalidated)
72 silly packumentCache full:https://registry.npmjs.org/type-is set size:88614 disposed:false
73 silly fetch manifest on-finished@~2.4.1
74 silly packumentCache full:https://registry.npmjs.org/on-finished cache-miss
75 http fetch GET 200 https://registry.npmjs.org/statuses 172ms (cache revalidated)
76 silly packumentCache full:https://registry.npmjs.org/statuses set size:37117 disposed:false
77 silly fetch manifest safe-buffer@5.2.1
78 silly packumentCache full:https://registry.npmjs.org/safe-buffer cache-miss
79 http fetch GET 200 https://registry.npmjs.org/encodeurl 157ms (cache revalidated)
80 silly packumentCache full:https://registry.npmjs.org/encodeurl set size:12296 disposed:false
81 silly fetch manifest utils-merge@1.0.1
82 silly packumentCache full:https://registry.npmjs.org/utils-merge cache-miss
83 http fetch GET 200 https://registry.npmjs.org/parseurl 203ms (cache revalidated)
84 silly packumentCache full:https://registry.npmjs.org/parseurl set size:24148 disposed:false
85 silly fetch manifest finalhandler@~1.3.1
86 silly packumentCache full:https://registry.npmjs.org/finalhandler cache-miss
87 http fetch GET 200 https://registry.npmjs.org/escape-html 151ms (cache revalidated)
88 silly packumentCache full:https://registry.npmjs.org/escape-html set size:7345 disposed:false
89 silly fetch manifest range-parser@~1.2.1
90 silly packumentCache full:https://registry.npmjs.org/range-parser cache-miss
91 http fetch GET 200 https://registry.npmjs.org/http-errors 146ms (cache revalidated)
92 silly packumentCache full:https://registry.npmjs.org/http-errors set size:71987 disposed:false
93 silly fetch manifest serve-static@~1.16.2
94 silly packumentCache full:https://registry.npmjs.org/serve-static cache-miss
95 http fetch GET 200 https://registry.npmjs.org/body-parser 182ms (cache revalidated)
96 silly packumentCache full:https://registry.npmjs.org/body-parser set size:204559 disposed:false
97 silly fetch manifest array-flatten@1.1.1
98 silly packumentCache full:https://registry.npmjs.org/array-flatten cache-miss
99 http fetch GET 200 https://registry.npmjs.org/on-finished 185ms (cache revalidated)
100 silly packumentCache full:https://registry.npmjs.org/on-finished set size:23212 disposed:false
101 silly fetch manifest path-to-regexp@~0.1.12
102 silly packumentCache full:https://registry.npmjs.org/path-to-regexp cache-miss
103 http fetch GET 200 https://registry.npmjs.org/utils-merge 143ms (cache miss)
104 silly packumentCache full:https://registry.npmjs.org/utils-merge set size:undefined disposed:false
105 silly fetch manifest setprototypeof@1.2.0
106 silly packumentCache full:https://registry.npmjs.org/setprototypeof cache-miss
107 http fetch GET 200 https://registry.npmjs.org/array-flatten 108ms (cache miss)
108 silly packumentCache full:https://registry.npmjs.org/array-flatten set size:undefined disposed:false
109 silly fetch manifest cookie-signature@~1.0.6
110 silly packumentCache full:https://registry.npmjs.org/cookie-signature cache-miss
111 http fetch GET 200 https://registry.npmjs.org/safe-buffer 163ms (cache miss)
112 silly packumentCache full:https://registry.npmjs.org/safe-buffer set size:undefined disposed:false
113 silly fetch manifest merge-descriptors@1.0.3
114 silly packumentCache full:https://registry.npmjs.org/merge-descriptors cache-miss
115 http fetch GET 200 https://registry.npmjs.org/serve-static 184ms (cache revalidated)
116 silly packumentCache full:https://registry.npmjs.org/serve-static set size:150391 disposed:false
117 silly fetch manifest content-disposition@~0.5.4
118 silly packumentCache full:https://registry.npmjs.org/content-disposition cache-miss
119 http fetch GET 200 https://registry.npmjs.org/finalhandler 217ms (cache revalidated)
120 silly packumentCache full:https://registry.npmjs.org/finalhandler set size:79291 disposed:false
121 http fetch GET 200 https://registry.npmjs.org/range-parser 212ms (cache revalidated)
122 silly packumentCache full:https://registry.npmjs.org/range-parser set size:24852 disposed:false
123 http fetch GET 200 https://registry.npmjs.org/setprototypeof 108ms (cache revalidated)
124 silly packumentCache full:https://registry.npmjs.org/setprototypeof set size:14532 disposed:false
125 http fetch GET 200 https://registry.npmjs.org/path-to-regexp 122ms (cache revalidated)
126 silly packumentCache full:https://registry.npmjs.org/path-to-regexp set size:216334 disposed:false
127 http fetch GET 200 https://registry.npmjs.org/cookie-signature 118ms (cache revalidated)
128 silly packumentCache full:https://registry.npmjs.org/cookie-signature set size:21777 disposed:false
129 http fetch GET 200 https://registry.npmjs.org/merge-descriptors 123ms (cache revalidated)
130 silly packumentCache full:https://registry.npmjs.org/merge-descriptors set size:16527 disposed:false
131 http fetch GET 200 https://registry.npmjs.org/content-disposition 112ms (cache revalidated)
132 silly packumentCache full:https://registry.npmjs.org/content-disposition set size:42862 disposed:false
133 silly placeDep ROOT accepts@1.3.8 OK for: express@4.22.2 want: ~1.3.8
134 silly placeDep ROOT array-flatten@1.1.1 OK for: express@4.22.2 want: 1.1.1
135 silly placeDep ROOT body-parser@1.20.6 OK for: express@4.22.2 want: ~1.20.5
136 silly placeDep ROOT content-disposition@0.5.4 OK for: express@4.22.2 want: ~0.5.4
137 silly placeDep ROOT cookie-signature@1.0.7 OK for: express@4.22.2 want: ~1.0.6
138 silly placeDep node_modules/express debug@2.6.9 OK for: express@4.22.2 want: 2.6.9
139 silly placeDep ROOT depd@2.0.0 OK for: express@4.22.2 want: 2.0.0
140 silly placeDep ROOT encodeurl@2.0.0 OK for: express@4.22.2 want: ~2.0.0
141 silly placeDep ROOT escape-html@1.0.3 OK for: express@4.22.2 want: ~1.0.3
142 silly placeDep ROOT etag@1.8.1 OK for: express@4.22.2 want: ~1.8.1
143 silly placeDep ROOT finalhandler@1.3.2 OK for: express@4.22.2 want: ~1.3.1
144 silly placeDep ROOT fresh@0.5.2 OK for: express@4.22.2 want: ~0.5.2
145 silly placeDep ROOT http-errors@2.0.1 OK for: express@4.22.2 want: ~2.0.0
146 silly placeDep ROOT merge-descriptors@1.0.3 OK for: express@4.22.2 want: 1.0.3
147 silly placeDep ROOT methods@1.1.2 OK for: express@4.22.2 want: ~1.1.2
148 silly placeDep ROOT on-finished@2.4.1 OK for: express@4.22.2 want: ~2.4.1
149 silly placeDep ROOT parseurl@1.3.3 OK for: express@4.22.2 want: ~1.3.3
150 silly placeDep ROOT path-to-regexp@0.1.13 OK for: express@4.22.2 want: ~0.1.12
151 silly placeDep ROOT qs@6.15.3 OK for: express@4.22.2 want: ~6.15.1
152 silly placeDep ROOT range-parser@1.2.1 OK for: express@4.22.2 want: ~1.2.1
153 silly placeDep ROOT safe-buffer@5.2.1 OK for: express@4.22.2 want: 5.2.1
154 silly placeDep ROOT send@0.19.2 OK for: express@4.22.2 want: ~0.19.0
155 silly placeDep ROOT serve-static@1.16.3 OK for: express@4.22.2 want: ~1.16.2
156 silly placeDep ROOT setprototypeof@1.2.0 OK for: express@4.22.2 want: 1.2.0
157 silly placeDep ROOT statuses@2.0.2 OK for: express@4.22.2 want: ~2.0.1
158 silly placeDep ROOT type-is@1.6.18 OK for: express@4.22.2 want: ~1.6.18
159 silly placeDep ROOT utils-merge@1.0.1 OK for: express@4.22.2 want: 1.0.1
160 silly fetch manifest mime-types@~2.1.34
161 silly packumentCache full:https://registry.npmjs.org/mime-types cache-miss
162 silly fetch manifest negotiator@0.6.3
163 silly packumentCache full:https://registry.npmjs.org/negotiator cache-miss
164 silly fetch manifest bytes@~3.1.2
165 silly packumentCache full:https://registry.npmjs.org/bytes cache-miss
166 silly fetch manifest unpipe@~1.0.0
167 silly packumentCache full:https://registry.npmjs.org/unpipe cache-miss
168 silly fetch manifest destroy@~1.2.0
169 silly packumentCache full:https://registry.npmjs.org/destroy cache-miss
170 silly fetch manifest raw-body@~2.5.3
171 silly packumentCache full:https://registry.npmjs.org/raw-body cache-miss
172 silly fetch manifest iconv-lite@~0.4.24
173 silly packumentCache full:https://registry.npmjs.org/iconv-lite cache-miss
174 http fetch GET 200 https://registry.npmjs.org/raw-body 63ms (cache revalidated)
175 silly packumentCache full:https://registry.npmjs.org/raw-body set size:120042 disposed:false
176 silly fetch manifest http-errors@~2.0.1
177 silly packumentCache full:https://registry.npmjs.org/http-errors cache-hit
178 silly fetch manifest ms@2.0.0
179 silly packumentCache full:https://registry.npmjs.org/ms cache-miss
180 http fetch GET 200 https://registry.npmjs.org/destroy 86ms (cache miss)
181 silly packumentCache full:https://registry.npmjs.org/destroy set size:undefined disposed:false
182 silly fetch manifest unpipe@~1.0.0
183 silly packumentCache full:https://registry.npmjs.org/unpipe cache-miss
184 http fetch GET 200 https://registry.npmjs.org/bytes 104ms (cache revalidated)
185 silly packumentCache full:https://registry.npmjs.org/bytes set size:37018 disposed:false
186 silly fetch manifest statuses@~2.0.2
187 silly packumentCache full:https://registry.npmjs.org/statuses cache-hit
188 silly fetch manifest inherits@~2.0.4
189 silly packumentCache full:https://registry.npmjs.org/inherits cache-miss
190 http fetch GET 200 https://registry.npmjs.org/unpipe 121ms (cache revalidated)
191 silly packumentCache full:https://registry.npmjs.org/unpipe set size:3609 disposed:false
192 silly fetch manifest setprototypeof@~1.2.0
193 silly packumentCache full:https://registry.npmjs.org/setprototypeof cache-hit
194 silly fetch manifest toidentifier@~1.0.1
195 silly packumentCache full:https://registry.npmjs.org/toidentifier cache-miss
196 http fetch GET 200 https://registry.npmjs.org/negotiator 135ms (cache revalidated)
197 silly packumentCache full:https://registry.npmjs.org/negotiator set size:48046 disposed:false
198 silly fetch manifest ee-first@1.1.1
199 silly packumentCache full:https://registry.npmjs.org/ee-first cache-miss
200 http fetch GET 200 https://registry.npmjs.org/mime-types 161ms (cache revalidated)
201 silly packumentCache full:https://registry.npmjs.org/mime-types set size:139110 disposed:false
202 silly fetch manifest side-channel@^1.1.1
203 silly packumentCache full:https://registry.npmjs.org/side-channel cache-miss
204 http fetch GET 200 https://registry.npmjs.org/iconv-lite 156ms (cache revalidated)
205 silly packumentCache full:https://registry.npmjs.org/iconv-lite set size:126462 disposed:false
206 silly fetch manifest es-define-property@^1.0.1
207 silly packumentCache full:https://registry.npmjs.org/es-define-property cache-miss
208 http fetch GET 200 https://registry.npmjs.org/ms 174ms (cache revalidated)
209 silly packumentCache full:https://registry.npmjs.org/ms set size:92208 disposed:false
210 silly fetch manifest mime@1.6.0
211 silly packumentCache full:https://registry.npmjs.org/mime cache-miss
212 http fetch GET 200 https://registry.npmjs.org/unpipe 175ms (cache revalidated)
213 silly packumentCache full:https://registry.npmjs.org/unpipe set size:3609 disposed:false
214 silly packumentCache full:https://registry.npmjs.org/unpipe dispose
215 silly fetch manifest destroy@1.2.0
216 silly packumentCache full:https://registry.npmjs.org/destroy cache-miss
217 http fetch GET 200 https://registry.npmjs.org/ee-first 141ms (cache revalidated)
218 silly packumentCache full:https://registry.npmjs.org/ee-first set size:15327 disposed:false
219 silly fetch manifest mime-types@~2.1.24
220 silly packumentCache full:https://registry.npmjs.org/mime-types cache-hit
221 silly fetch manifest media-typer@0.3.0
222 silly packumentCache full:https://registry.npmjs.org/media-typer cache-miss
223 http fetch GET 200 https://registry.npmjs.org/es-define-property 111ms (cache revalidated)
224 silly packumentCache full:https://registry.npmjs.org/es-define-property set size:8542 disposed:false
225 http fetch GET 200 https://registry.npmjs.org/inherits 180ms (cache revalidated)
226 silly packumentCache full:https://registry.npmjs.org/inherits set size:12925 disposed:false
227 http fetch GET 200 https://registry.npmjs.org/toidentifier 180ms (cache revalidated)
228 silly packumentCache full:https://registry.npmjs.org/toidentifier set size:12006 disposed:false
229 http fetch GET 200 https://registry.npmjs.org/side-channel 150ms (cache revalidated)
230 silly packumentCache full:https://registry.npmjs.org/side-channel set size:27650 disposed:false
231 http cache https://registry.npmjs.org/destroy 47ms (cache hit)
232 silly packumentCache full:https://registry.npmjs.org/destroy set size:15738 disposed:false
233 http fetch GET 200 https://registry.npmjs.org/media-typer 83ms (cache revalidated)
234 silly packumentCache full:https://registry.npmjs.org/media-typer set size:22074 disposed:false
235 http fetch GET 200 https://registry.npmjs.org/mime 104ms (cache miss)
236 silly packumentCache full:https://registry.npmjs.org/mime set size:undefined disposed:false
237 silly placeDep ROOT mime-types@2.1.35 OK for: accepts@1.3.8 want: ~2.1.34
238 silly placeDep ROOT negotiator@0.6.3 OK for: accepts@1.3.8 want: 0.6.3
239 silly fetch manifest mime-db@1.52.0
240 silly packumentCache full:https://registry.npmjs.org/mime-db cache-miss
241 http fetch GET 200 https://registry.npmjs.org/mime-db 155ms (cache revalidated)
242 silly packumentCache full:https://registry.npmjs.org/mime-db set size:164953 disposed:false
243 silly placeDep ROOT bytes@3.1.2 OK for: body-parser@1.20.6 want: ~3.1.2
244 silly placeDep node_modules/body-parser debug@2.6.9 OK for: body-parser@1.20.6 want: 2.6.9
245 silly placeDep ROOT destroy@1.2.0 OK for: body-parser@1.20.6 want: ~1.2.0
246 silly placeDep ROOT iconv-lite@0.4.24 OK for: body-parser@1.20.6 want: ~0.4.24
247 silly placeDep ROOT raw-body@2.5.3 OK for: body-parser@1.20.6 want: ~2.5.3
248 silly placeDep ROOT unpipe@1.0.0 OK for: body-parser@1.20.6 want: ~1.0.0
249 silly fetch manifest safer-buffer@>= 2.1.2 < 3
250 silly packumentCache full:https://registry.npmjs.org/safer-buffer cache-miss
251 http fetch GET 200 https://registry.npmjs.org/safer-buffer 55ms (cache revalidated)
252 silly packumentCache full:https://registry.npmjs.org/safer-buffer set size:18521 disposed:false
253 silly placeDep node_modules/finalhandler debug@2.6.9 OK for: finalhandler@1.3.2 want: 2.6.9
254 silly placeDep ROOT inherits@2.0.4 OK for: http-errors@2.0.1 want: ~2.0.4
255 silly placeDep ROOT toidentifier@1.0.1 OK for: http-errors@2.0.1 want: ~1.0.1
256 silly placeDep ROOT safer-buffer@2.1.2 OK for: iconv-lite@0.4.24 want: >= 2.1.2 < 3
257 silly placeDep ROOT mime-db@1.52.0 OK for: mime-types@2.1.35 want: 1.52.0
258 silly placeDep ROOT ee-first@1.1.1 OK for: on-finished@2.4.1 want: 1.1.1
259 silly placeDep ROOT es-define-property@1.0.1 OK for: qs@6.15.3 want: ^1.0.1
260 silly placeDep ROOT side-channel@1.1.1 OK for: qs@6.15.3 want: ^1.1.1
261 silly fetch manifest es-errors@^1.3.0
262 silly packumentCache full:https://registry.npmjs.org/es-errors cache-miss
263 silly fetch manifest object-inspect@^1.13.4
264 silly packumentCache full:https://registry.npmjs.org/object-inspect cache-miss
265 silly fetch manifest side-channel-list@^1.0.1
266 silly packumentCache full:https://registry.npmjs.org/side-channel-list cache-miss
267 silly fetch manifest side-channel-map@^1.0.1
268 silly packumentCache full:https://registry.npmjs.org/side-channel-map cache-miss
269 silly fetch manifest side-channel-weakmap@^1.0.2
270 silly packumentCache full:https://registry.npmjs.org/side-channel-weakmap cache-miss
271 http fetch GET 200 https://registry.npmjs.org/side-channel-list 77ms (cache revalidated)
272 silly packumentCache full:https://registry.npmjs.org/side-channel-list set size:9021 disposed:false
273 http fetch GET 200 https://registry.npmjs.org/es-errors 84ms (cache revalidated)
274 silly packumentCache full:https://registry.npmjs.org/es-errors set size:16918 disposed:false
275 http fetch GET 200 https://registry.npmjs.org/object-inspect 88ms (cache revalidated)
276 silly packumentCache full:https://registry.npmjs.org/object-inspect set size:101927 disposed:false
277 http fetch GET 200 https://registry.npmjs.org/side-channel-map 91ms (cache revalidated)
278 silly packumentCache full:https://registry.npmjs.org/side-channel-map set size:9126 disposed:false
279 http fetch GET 200 https://registry.npmjs.org/side-channel-weakmap 93ms (cache revalidated)
280 silly packumentCache full:https://registry.npmjs.org/side-channel-weakmap set size:12620 disposed:false
281 silly placeDep node_modules/send debug@2.6.9 OK for: send@0.19.2 want: 2.6.9
282 silly placeDep ROOT mime@1.6.0 OK for: send@0.19.2 want: 1.6.0
283 silly placeDep ROOT es-errors@1.3.0 OK for: side-channel@1.1.1 want: ^1.3.0
284 silly placeDep ROOT object-inspect@1.13.4 OK for: side-channel@1.1.1 want: ^1.13.4
285 silly placeDep ROOT side-channel-list@1.0.1 OK for: side-channel@1.1.1 want: ^1.0.1
286 silly placeDep ROOT side-channel-map@1.0.1 OK for: side-channel@1.1.1 want: ^1.0.1
287 silly placeDep ROOT side-channel-weakmap@1.0.2 OK for: side-channel@1.1.1 want: ^1.0.2
288 silly fetch manifest call-bound@^1.0.2
289 silly packumentCache full:https://registry.npmjs.org/call-bound cache-miss
290 silly fetch manifest get-intrinsic@^1.2.5
291 silly packumentCache full:https://registry.npmjs.org/get-intrinsic cache-miss
292 silly fetch manifest call-bound@^1.0.2
293 silly packumentCache full:https://registry.npmjs.org/call-bound cache-miss
294 silly fetch manifest get-intrinsic@^1.2.5
295 silly packumentCache full:https://registry.npmjs.org/get-intrinsic cache-miss
296 http fetch GET 200 https://registry.npmjs.org/call-bound 141ms (cache revalidated)
297 silly packumentCache full:https://registry.npmjs.org/call-bound set size:15317 disposed:false
298 http fetch GET 200 https://registry.npmjs.org/get-intrinsic 147ms (cache revalidated)
299 silly packumentCache full:https://registry.npmjs.org/get-intrinsic set size:60985 disposed:false
300 http fetch GET 200 https://registry.npmjs.org/call-bound 151ms (cache revalidated)
301 silly packumentCache full:https://registry.npmjs.org/call-bound set size:15317 disposed:false
302 silly packumentCache full:https://registry.npmjs.org/call-bound dispose
303 http fetch GET 200 https://registry.npmjs.org/get-intrinsic 153ms (cache revalidated)
304 silly packumentCache full:https://registry.npmjs.org/get-intrinsic set size:60985 disposed:false
305 silly packumentCache full:https://registry.npmjs.org/get-intrinsic dispose
306 silly placeDep ROOT call-bound@1.0.4 OK for: side-channel-map@1.0.1 want: ^1.0.2
307 silly placeDep ROOT get-intrinsic@1.3.0 OK for: side-channel-map@1.0.1 want: ^1.2.5
308 silly fetch manifest call-bind-apply-helpers@^1.0.2
309 silly packumentCache full:https://registry.npmjs.org/call-bind-apply-helpers cache-miss
310 silly fetch manifest get-intrinsic@^1.3.0
311 silly packumentCache full:https://registry.npmjs.org/get-intrinsic cache-hit
312 silly fetch manifest gopd@^1.2.0
313 silly packumentCache full:https://registry.npmjs.org/gopd cache-miss
314 silly fetch manifest hasown@^2.0.2
315 silly packumentCache full:https://registry.npmjs.org/hasown cache-miss
316 silly fetch manifest get-proto@^1.0.1
317 silly packumentCache full:https://registry.npmjs.org/get-proto cache-miss
318 silly fetch manifest has-symbols@^1.1.0
319 silly packumentCache full:https://registry.npmjs.org/has-symbols cache-miss
320 silly fetch manifest function-bind@^1.1.2
321 silly packumentCache full:https://registry.npmjs.org/function-bind cache-miss
322 silly fetch manifest es-object-atoms@^1.1.1
323 silly packumentCache full:https://registry.npmjs.org/es-object-atoms cache-miss
324 http fetch GET 200 https://registry.npmjs.org/get-proto 66ms (cache revalidated)
325 silly packumentCache full:https://registry.npmjs.org/get-proto set size:8300 disposed:false
326 silly fetch manifest math-intrinsics@^1.1.0
327 silly packumentCache full:https://registry.npmjs.org/math-intrinsics cache-miss
328 http fetch GET 200 https://registry.npmjs.org/gopd 198ms (cache revalidated)
329 silly packumentCache full:https://registry.npmjs.org/gopd set size:11483 disposed:false
330 silly fetch manifest call-bind-apply-helpers@^1.0.2
331 silly packumentCache full:https://registry.npmjs.org/call-bind-apply-helpers cache-miss
332 http fetch GET 200 https://registry.npmjs.org/hasown 206ms (cache revalidated)
333 silly packumentCache full:https://registry.npmjs.org/hasown set size:18361 disposed:false
334 http fetch GET 200 https://registry.npmjs.org/function-bind 206ms (cache revalidated)
335 silly packumentCache full:https://registry.npmjs.org/function-bind set size:15733 disposed:false
336 http fetch GET 200 https://registry.npmjs.org/has-symbols 225ms (cache revalidated)
337 silly packumentCache full:https://registry.npmjs.org/has-symbols set size:21550 disposed:false
338 http fetch GET 200 https://registry.npmjs.org/call-bind-apply-helpers 241ms (cache revalidated)
339 silly packumentCache full:https://registry.npmjs.org/call-bind-apply-helpers set size:12744 disposed:false
340 http fetch GET 200 https://registry.npmjs.org/es-object-atoms 232ms (cache revalidated)
341 silly packumentCache full:https://registry.npmjs.org/es-object-atoms set size:18278 disposed:false
342 http cache https://registry.npmjs.org/call-bind-apply-helpers 55ms (cache hit)
343 silly packumentCache full:https://registry.npmjs.org/call-bind-apply-helpers set size:12744 disposed:false
344 silly packumentCache full:https://registry.npmjs.org/call-bind-apply-helpers dispose
345 http fetch GET 200 https://registry.npmjs.org/math-intrinsics 157ms (cache revalidated)
346 silly packumentCache full:https://registry.npmjs.org/math-intrinsics set size:9265 disposed:false
347 silly placeDep ROOT call-bind-apply-helpers@1.0.2 OK for: call-bound@1.0.4 want: ^1.0.2
348 silly placeDep ROOT function-bind@1.1.2 OK for: call-bind-apply-helpers@1.0.2 want: ^1.1.2
349 silly placeDep ROOT es-object-atoms@1.1.2 OK for: get-intrinsic@1.3.0 want: ^1.1.1
350 silly placeDep ROOT get-proto@1.0.1 OK for: get-intrinsic@1.3.0 want: ^1.0.1
351 silly placeDep ROOT gopd@1.2.0 OK for: get-intrinsic@1.3.0 want: ^1.2.0
352 silly placeDep ROOT has-symbols@1.1.0 OK for: get-intrinsic@1.3.0 want: ^1.1.0
353 silly placeDep ROOT hasown@2.0.4 OK for: get-intrinsic@1.3.0 want: ^2.0.2
354 silly placeDep ROOT math-intrinsics@1.1.0 OK for: get-intrinsic@1.3.0 want: ^1.1.0
355 silly fetch manifest dunder-proto@^1.0.1
356 silly packumentCache full:https://registry.npmjs.org/dunder-proto cache-miss
357 http fetch GET 200 https://registry.npmjs.org/dunder-proto 85ms (cache revalidated)
358 silly packumentCache full:https://registry.npmjs.org/dunder-proto set size:8256 disposed:false
359 silly placeDep ROOT dunder-proto@1.0.1 OK for: get-proto@1.0.1 want: ^1.0.1
360 silly placeDep ROOT media-typer@0.3.0 OK for: type-is@1.6.18 want: 0.3.0
361 silly placeDep node_modules/body-parser ms@2.0.0 OK for: debug@2.6.9 want: 2.0.0
362 silly placeDep node_modules/express ms@2.0.0 OK for: debug@2.6.9 want: 2.0.0
363 silly placeDep node_modules/finalhandler ms@2.0.0 OK for: debug@2.6.9 want: 2.0.0
364 silly placeDep node_modules/send/node_modules/debug ms@2.0.0 OK for: debug@2.6.9 want: 2.0.0
365 silly reify moves {}
366 silly audit bulk request {
366 silly audit   '@socket.io/component-emitter': [ '3.1.2' ],
366 silly audit   '@types/cors': [ '2.8.19' ],
366 silly audit   '@types/node': [ '26.1.2' ],
366 silly audit   '@types/ws': [ '8.18.1' ],
366 silly audit   accepts: [ '1.3.8' ],
366 silly audit   base64id: [ '2.0.0' ],
366 silly audit   'content-type': [ '1.0.5' ],
366 silly audit   cookie: [ '0.7.2' ],
366 silly audit   cors: [ '2.8.6' ],
366 silly audit   debug: [ '4.4.3', '2.6.9' ],
366 silly audit   'engine.io': [ '6.6.9' ],
366 silly audit   'engine.io-parser': [ '5.2.3' ],
366 silly audit   forwarded: [ '0.2.0' ],
366 silly audit   'ipaddr.js': [ '1.9.1' ],
366 silly audit   ms: [ '2.1.3', '2.0.0' ],
366 silly audit   'object-assign': [ '4.1.1' ],
366 silly audit   'proxy-addr': [ '2.0.7' ],
366 silly audit   'socket.io-adapter': [ '2.5.8' ],
366 silly audit   'socket.io-parser': [ '4.2.7' ],
366 silly audit   'undici-types': [ '8.3.0' ],
366 silly audit   vary: [ '1.1.2' ],
366 silly audit   ws: [ '8.21.3' ],
366 silly audit   express: [ '4.22.2' ],
366 silly audit   'socket.io': [ '4.8.3' ],
366 silly audit   'array-flatten': [ '1.1.1' ],
366 silly audit   'body-parser': [ '1.20.6' ],
366 silly audit   'content-disposition': [ '0.5.4' ],
366 silly audit   'cookie-signature': [ '1.0.7' ],
366 silly audit   depd: [ '2.0.0' ],
366 silly audit   encodeurl: [ '2.0.0' ],
366 silly audit   'escape-html': [ '1.0.3' ],
366 silly audit   etag: [ '1.8.1' ],
366 silly audit   finalhandler: [ '1.3.2' ],
366 silly audit   fresh: [ '0.5.2' ],
366 silly audit   'http-errors': [ '2.0.1' ],
366 silly audit   'merge-descriptors': [ '1.0.3' ],
366 silly audit   methods: [ '1.1.2' ],
366 silly audit   'on-finished': [ '2.4.1' ],
366 silly audit   parseurl: [ '1.3.3' ],
366 silly audit   'path-to-regexp': [ '0.1.13' ],
366 silly audit   qs: [ '6.15.3' ],
366 silly audit   'range-parser': [ '1.2.1' ],
366 silly audit   'safe-buffer': [ '5.2.1' ],
366 silly audit   send: [ '0.19.2' ],
366 silly audit   'serve-static': [ '1.16.3' ],
366 silly audit   setprototypeof: [ '1.2.0' ],
366 silly audit   statuses: [ '2.0.2' ],
366 silly audit   'type-is': [ '1.6.18' ],
366 silly audit   'utils-merge': [ '1.0.1' ],
366 silly audit   'mime-types': [ '2.1.35' ],
366 silly audit   negotiator: [ '0.6.3' ],
366 silly audit   bytes: [ '3.1.2' ],
366 silly audit   destroy: [ '1.2.0' ],
366 silly audit   'iconv-lite': [ '0.4.24' ],
366 silly audit   'raw-body': [ '2.5.3' ],
366 silly audit   unpipe: [ '1.0.0' ],
366 silly audit   inherits: [ '2.0.4' ],
366 silly audit   toidentifier: [ '1.0.1' ],
366 silly audit   'safer-buffer': [ '2.1.2' ],
366 silly audit   'mime-db': [ '1.52.0' ],
366 silly audit   'ee-first': [ '1.1.1' ],
366 silly audit   'es-define-property': [ '1.0.1' ],
366 silly audit   'side-channel': [ '1.1.1' ],
366 silly audit   mime: [ '1.6.0' ],
366 silly audit   'es-errors': [ '1.3.0' ],
366 silly audit   'object-inspect': [ '1.13.4' ],
366 silly audit   'side-channel-list': [ '1.0.1' ],
366 silly audit   'side-channel-map': [ '1.0.1' ],
366 silly audit   'side-channel-weakmap': [ '1.0.2' ],
366 silly audit   'call-bound': [ '1.0.4' ],
366 silly audit   'get-intrinsic': [ '1.3.0' ],
366 silly audit   'call-bind-apply-helpers': [ '1.0.2' ],
366 silly audit   'function-bind': [ '1.1.2' ],
366 silly audit   'es-object-atoms': [ '1.1.2' ],
366 silly audit   'get-proto': [ '1.0.1' ],
366 silly audit   gopd: [ '1.2.0' ],
366 silly audit   'has-symbols': [ '1.1.0' ],
366 silly audit   hasown: [ '2.0.4' ],
366 silly audit   'math-intrinsics': [ '1.1.0' ],
366 silly audit   'dunder-proto': [ '1.0.1' ],
366 silly audit   'media-typer': [ '0.3.0' ]
366 silly audit }
367 http cache dunder-proto@https://registry.npmjs.org/dunder-proto/-/dunder-proto-1.0.1.tgz 0ms (cache hit)
368 http cache math-intrinsics@https://registry.npmjs.org/math-intrinsics/-/math-intrinsics-1.1.0.tgz 0ms (cache hit)
369 http cache hasown@https://registry.npmjs.org/hasown/-/hasown-2.0.4.tgz 1ms (cache hit)
370 http cache has-symbols@https://registry.npmjs.org/has-symbols/-/has-symbols-1.1.0.tgz 0ms (cache hit)
371 http cache media-typer@https://registry.npmjs.org/media-typer/-/media-typer-0.3.0.tgz 0ms (cache hit)
372 http cache get-proto@https://registry.npmjs.org/get-proto/-/get-proto-1.0.1.tgz 0ms (cache hit)
373 http cache es-object-atoms@https://registry.npmjs.org/es-object-atoms/-/es-object-atoms-1.1.2.tgz 0ms (cache hit)
374 http cache function-bind@https://registry.npmjs.org/function-bind/-/function-bind-1.1.2.tgz 0ms (cache hit)
375 http cache call-bind-apply-helpers@https://registry.npmjs.org/call-bind-apply-helpers/-/call-bind-apply-helpers-1.0.2.tgz 0ms (cache hit)
376 http cache get-intrinsic@https://registry.npmjs.org/get-intrinsic/-/get-intrinsic-1.3.0.tgz 0ms (cache hit)
377 http cache call-bound@https://registry.npmjs.org/call-bound/-/call-bound-1.0.4.tgz 0ms (cache hit)
378 http cache side-channel-map@https://registry.npmjs.org/side-channel-map/-/side-channel-map-1.0.1.tgz 0ms (cache hit)
379 http cache side-channel-list@https://registry.npmjs.org/side-channel-list/-/side-channel-list-1.0.1.tgz 0ms (cache hit)
380 http cache object-inspect@https://registry.npmjs.org/object-inspect/-/object-inspect-1.13.4.tgz 0ms (cache hit)
381 http cache es-errors@https://registry.npmjs.org/es-errors/-/es-errors-1.3.0.tgz 0ms (cache hit)
382 http cache mime@https://registry.npmjs.org/mime/-/mime-1.6.0.tgz 0ms (cache hit)
383 http cache side-channel@https://registry.npmjs.org/side-channel/-/side-channel-1.1.1.tgz 0ms (cache hit)
384 http cache es-define-property@https://registry.npmjs.org/es-define-property/-/es-define-property-1.0.1.tgz 0ms (cache hit)
385 http cache ee-first@https://registry.npmjs.org/ee-first/-/ee-first-1.1.1.tgz 0ms (cache hit)
386 http cache mime-db@https://registry.npmjs.org/mime-db/-/mime-db-1.52.0.tgz 0ms (cache hit)
387 http cache toidentifier@https://registry.npmjs.org/toidentifier/-/toidentifier-1.0.1.tgz 0ms (cache hit)
388 http cache safer-buffer@https://registry.npmjs.org/safer-buffer/-/safer-buffer-2.1.2.tgz 0ms (cache hit)
389 http cache inherits@https://registry.npmjs.org/inherits/-/inherits-2.0.4.tgz 1ms (cache hit)
390 http cache unpipe@https://registry.npmjs.org/unpipe/-/unpipe-1.0.0.tgz 0ms (cache hit)
391 http cache raw-body@https://registry.npmjs.org/raw-body/-/raw-body-2.5.3.tgz 0ms (cache hit)
392 http cache iconv-lite@https://registry.npmjs.org/iconv-lite/-/iconv-lite-0.4.24.tgz 0ms (cache hit)
393 http cache destroy@https://registry.npmjs.org/destroy/-/destroy-1.2.0.tgz 0ms (cache hit)
394 http cache bytes@https://registry.npmjs.org/bytes/-/bytes-3.1.2.tgz 0ms (cache hit)
395 http cache negotiator@https://registry.npmjs.org/negotiator/-/negotiator-0.6.3.tgz 0ms (cache hit)
396 http cache type-is@https://registry.npmjs.org/type-is/-/type-is-1.6.18.tgz 0ms (cache hit)
397 http cache mime-types@https://registry.npmjs.org/mime-types/-/mime-types-2.1.35.tgz 0ms (cache hit)
398 http cache statuses@https://registry.npmjs.org/statuses/-/statuses-2.0.2.tgz 0ms (cache hit)
399 http cache utils-merge@https://registry.npmjs.org/utils-merge/-/utils-merge-1.0.1.tgz 0ms (cache hit)
400 http cache serve-static@https://registry.npmjs.org/serve-static/-/serve-static-1.16.3.tgz 0ms (cache hit)
401 http cache setprototypeof@https://registry.npmjs.org/setprototypeof/-/setprototypeof-1.2.0.tgz 0ms (cache hit)
402 http cache send@https://registry.npmjs.org/send/-/send-0.19.2.tgz 0ms (cache hit)
403 http cache safe-buffer@https://registry.npmjs.org/safe-buffer/-/safe-buffer-5.2.1.tgz 0ms (cache hit)
404 http cache range-parser@https://registry.npmjs.org/range-parser/-/range-parser-1.2.1.tgz 0ms (cache hit)
405 http cache qs@https://registry.npmjs.org/qs/-/qs-6.15.3.tgz 0ms (cache hit)
406 http cache path-to-regexp@https://registry.npmjs.org/path-to-regexp/-/path-to-regexp-0.1.13.tgz 0ms (cache hit)
407 http cache parseurl@https://registry.npmjs.org/parseurl/-/parseurl-1.3.3.tgz 0ms (cache hit)
408 http cache on-finished@https://registry.npmjs.org/on-finished/-/on-finished-2.4.1.tgz 0ms (cache hit)
409 http cache methods@https://registry.npmjs.org/methods/-/methods-1.1.2.tgz 0ms (cache hit)
410 http cache merge-descriptors@https://registry.npmjs.org/merge-descriptors/-/merge-descriptors-1.0.3.tgz 0ms (cache hit)
411 http cache http-errors@https://registry.npmjs.org/http-errors/-/http-errors-2.0.1.tgz 0ms (cache hit)
412 http cache fresh@https://registry.npmjs.org/fresh/-/fresh-0.5.2.tgz 0ms (cache hit)
413 http cache finalhandler@https://registry.npmjs.org/finalhandler/-/finalhandler-1.3.2.tgz 0ms (cache hit)
414 http cache etag@https://registry.npmjs.org/etag/-/etag-1.8.1.tgz 0ms (cache hit)
415 http cache escape-html@https://registry.npmjs.org/escape-html/-/escape-html-1.0.3.tgz 0ms (cache hit)
416 http cache encodeurl@https://registry.npmjs.org/encodeurl/-/encodeurl-2.0.0.tgz 0ms (cache hit)
417 http cache depd@https://registry.npmjs.org/depd/-/depd-2.0.0.tgz 0ms (cache hit)
418 http cache cookie-signature@https://registry.npmjs.org/cookie-signature/-/cookie-signature-1.0.7.tgz 1ms (cache hit)
419 http cache content-disposition@https://registry.npmjs.org/content-disposition/-/content-disposition-0.5.4.tgz 0ms (cache hit)
420 http cache body-parser@https://registry.npmjs.org/body-parser/-/body-parser-1.20.6.tgz 0ms (cache hit)
421 http cache array-flatten@https://registry.npmjs.org/array-flatten/-/array-flatten-1.1.1.tgz 0ms (cache hit)
422 http cache accepts@https://registry.npmjs.org/accepts/-/accepts-1.3.8.tgz 0ms (cache hit)
423 http cache socket.io@https://registry.npmjs.org/socket.io/-/socket.io-4.8.3.tgz 0ms (cache hit)
424 http cache express@https://registry.npmjs.org/express/-/express-4.22.2.tgz 0ms (cache hit)
425 http cache ws@https://registry.npmjs.org/ws/-/ws-8.21.3.tgz 0ms (cache hit)
426 http cache vary@https://registry.npmjs.org/vary/-/vary-1.1.2.tgz 0ms (cache hit)
427 http cache undici-types@https://registry.npmjs.org/undici-types/-/undici-types-8.3.0.tgz 0ms (cache hit)
428 http cache socket.io-parser@https://registry.npmjs.org/socket.io-parser/-/socket.io-parser-4.2.7.tgz 0ms (cache hit)
429 http cache socket.io-adapter@https://registry.npmjs.org/socket.io-adapter/-/socket.io-adapter-2.5.8.tgz 0ms (cache hit)
430 http cache proxy-addr@https://registry.npmjs.org/proxy-addr/-/proxy-addr-2.0.7.tgz 0ms (cache hit)
431 http cache object-assign@https://registry.npmjs.org/object-assign/-/object-assign-4.1.1.tgz 0ms (cache hit)
432 http cache ms@https://registry.npmjs.org/ms/-/ms-2.1.3.tgz 0ms (cache hit)
433 http cache ipaddr.js@https://registry.npmjs.org/ipaddr.js/-/ipaddr.js-1.9.1.tgz 0ms (cache hit)
434 http cache forwarded@https://registry.npmjs.org/forwarded/-/forwarded-0.2.0.tgz 0ms (cache hit)
435 http cache engine.io-parser@https://registry.npmjs.org/engine.io-parser/-/engine.io-parser-5.2.3.tgz 0ms (cache hit)
436 http cache engine.io@https://registry.npmjs.org/engine.io/-/engine.io-6.6.9.tgz 0ms (cache hit)
437 http cache debug@https://registry.npmjs.org/debug/-/debug-4.4.3.tgz 0ms (cache hit)
438 http cache cors@https://registry.npmjs.org/cors/-/cors-2.8.6.tgz 0ms (cache hit)
439 http cache cookie@https://registry.npmjs.org/cookie/-/cookie-0.7.2.tgz 0ms (cache hit)
440 http cache content-type@https://registry.npmjs.org/content-type/-/content-type-1.0.5.tgz 0ms (cache hit)
441 http cache base64id@https://registry.npmjs.org/base64id/-/base64id-2.0.0.tgz 0ms (cache hit)
442 http cache @types/ws@https://registry.npmjs.org/@types/ws/-/ws-8.18.1.tgz 1ms (cache hit)
443 http cache @types/node@https://registry.npmjs.org/@types/node/-/node-26.1.2.tgz 0ms (cache hit)
444 http cache @types/cors@https://registry.npmjs.org/@types/cors/-/cors-2.8.19.tgz 0ms (cache hit)
445 http cache @socket.io/component-emitter@https://registry.npmjs.org/@socket.io/component-emitter/-/component-emitter-3.1.2.tgz 0ms (cache hit)
446 http cache ms@https://registry.npmjs.org/ms/-/ms-2.0.0.tgz 0ms (cache hit)
447 http cache debug@https://registry.npmjs.org/debug/-/debug-2.6.9.tgz 0ms (cache hit)
448 http cache ms@https://registry.npmjs.org/ms/-/ms-2.0.0.tgz 0ms (cache hit)
449 http cache debug@https://registry.npmjs.org/debug/-/debug-2.6.9.tgz 0ms (cache hit)
450 http cache ms@https://registry.npmjs.org/ms/-/ms-2.0.0.tgz 0ms (cache hit)
451 http cache debug@https://registry.npmjs.org/debug/-/debug-2.6.9.tgz 0ms (cache hit)
452 http cache ms@https://registry.npmjs.org/ms/-/ms-2.0.0.tgz 0ms (cache hit)
453 http cache debug@https://registry.npmjs.org/debug/-/debug-2.6.9.tgz 0ms (cache hit)
454 http cache side-channel-weakmap@https://registry.npmjs.org/side-channel-weakmap/-/side-channel-weakmap-1.0.2.tgz 0ms (cache hit)
455 http cache gopd@https://registry.npmjs.org/gopd/-/gopd-1.2.0.tgz 0ms (cache hit)
456 silly tarball no local data for media-typer@https://registry.npmjs.org/media-typer/-/media-typer-0.3.0.tgz. Extracting by manifest.
457 silly tarball no local data for mime@https://registry.npmjs.org/mime/-/mime-1.6.0.tgz. Extracting by manifest.
458 silly tarball no local data for raw-body@https://registry.npmjs.org/raw-body/-/raw-body-2.5.3.tgz. Extracting by manifest.
459 silly tarball no local data for iconv-lite@https://registry.npmjs.org/iconv-lite/-/iconv-lite-0.4.24.tgz. Extracting by manifest.
460 silly tarball no local data for destroy@https://registry.npmjs.org/destroy/-/destroy-1.2.0.tgz. Extracting by manifest.
461 silly tarball no local data for type-is@https://registry.npmjs.org/type-is/-/type-is-1.6.18.tgz. Extracting by manifest.
462 silly tarball no local data for utils-merge@https://registry.npmjs.org/utils-merge/-/utils-merge-1.0.1.tgz. Extracting by manifest.
463 silly tarball no local data for serve-static@https://registry.npmjs.org/serve-static/-/serve-static-1.16.3.tgz. Extracting by manifest.
464 silly tarball no local data for send@https://registry.npmjs.org/send/-/send-0.19.2.tgz. Extracting by manifest.
465 silly tarball no local data for safe-buffer@https://registry.npmjs.org/safe-buffer/-/safe-buffer-5.2.1.tgz. Extracting by manifest.
466 silly tarball no local data for range-parser@https://registry.npmjs.org/range-parser/-/range-parser-1.2.1.tgz. Extracting by manifest.
467 silly tarball no local data for path-to-regexp@https://registry.npmjs.org/path-to-regexp/-/path-to-regexp-0.1.13.tgz. Extracting by manifest.
468 silly tarball no local data for methods@https://registry.npmjs.org/methods/-/methods-1.1.2.tgz. Extracting by manifest.
469 silly tarball no local data for merge-descriptors@https://registry.npmjs.org/merge-descriptors/-/merge-descriptors-1.0.3.tgz. Extracting by manifest.
470 silly tarball no local data for fresh@https://registry.npmjs.org/fresh/-/fresh-0.5.2.tgz. Extracting by manifest.
471 silly tarball no local data for finalhandler@https://registry.npmjs.org/finalhandler/-/finalhandler-1.3.2.tgz. Extracting by manifest.
472 silly tarball no local data for cookie-signature@https://registry.npmjs.org/cookie-signature/-/cookie-signature-1.0.7.tgz. Extracting by manifest.
473 silly tarball no local data for content-disposition@https://registry.npmjs.org/content-disposition/-/content-disposition-0.5.4.tgz. Extracting by manifest.
474 silly tarball no local data for body-parser@https://registry.npmjs.org/body-parser/-/body-parser-1.20.6.tgz. Extracting by manifest.
475 silly tarball no local data for array-flatten@https://registry.npmjs.org/array-flatten/-/array-flatten-1.1.1.tgz. Extracting by manifest.
476 silly tarball no local data for express@https://registry.npmjs.org/express/-/express-4.22.2.tgz. Extracting by manifest.
477 silly tarball no local data for ms@https://registry.npmjs.org/ms/-/ms-2.0.0.tgz. Extracting by manifest.
478 silly tarball no local data for debug@https://registry.npmjs.org/debug/-/debug-2.6.9.tgz. Extracting by manifest.
479 silly tarball no local data for ms@https://registry.npmjs.org/ms/-/ms-2.0.0.tgz. Extracting by manifest.
480 silly tarball no local data for debug@https://registry.npmjs.org/debug/-/debug-2.6.9.tgz. Extracting by manifest.
481 silly tarball no local data for ms@https://registry.npmjs.org/ms/-/ms-2.0.0.tgz. Extracting by manifest.
482 silly tarball no local data for debug@https://registry.npmjs.org/debug/-/debug-2.6.9.tgz. Extracting by manifest.
483 silly tarball no local data for ms@https://registry.npmjs.org/ms/-/ms-2.0.0.tgz. Extracting by manifest.
484 silly tarball no local data for debug@https://registry.npmjs.org/debug/-/debug-2.6.9.tgz. Extracting by manifest.
485 http fetch POST 200 https://registry.npmjs.org/-/npm/v1/security/advisories/bulk 842ms
486 silly audit report {}
487 http fetch GET 200 https://registry.npmjs.org/type-is/-/type-is-1.6.18.tgz 1118ms (cache miss)
488 http fetch GET 200 https://registry.npmjs.org/fresh/-/fresh-0.5.2.tgz 1092ms (cache miss)
489 http fetch GET 200 https://registry.npmjs.org/media-typer/-/media-typer-0.3.0.tgz 1155ms (cache miss)
490 http fetch GET 200 https://registry.npmjs.org/raw-body/-/raw-body-2.5.3.tgz 1147ms (cache miss)
491 http fetch GET 200 https://registry.npmjs.org/destroy/-/destroy-1.2.0.tgz 1143ms (cache miss)
492 http fetch GET 200 https://registry.npmjs.org/array-flatten/-/array-flatten-1.1.1.tgz 1099ms (cache miss)
493 http fetch GET 200 https://registry.npmjs.org/cookie-signature/-/cookie-signature-1.0.7.tgz 1109ms (cache miss)
494 http fetch GET 200 https://registry.npmjs.org/ms/-/ms-2.0.0.tgz 1104ms (cache miss)
495 http fetch GET 200 https://registry.npmjs.org/ms/-/ms-2.0.0.tgz 1131ms (cache miss)
496 http fetch GET 200 https://registry.npmjs.org/ms/-/ms-2.0.0.tgz 1123ms (cache miss)
497 http fetch GET 200 https://registry.npmjs.org/ms/-/ms-2.0.0.tgz 1119ms (cache miss)
498 http fetch GET 200 https://registry.npmjs.org/merge-descriptors/-/merge-descriptors-1.0.3.tgz 1170ms (cache miss)
499 http fetch GET 200 https://registry.npmjs.org/path-to-regexp/-/path-to-regexp-0.1.13.tgz 1179ms (cache miss)
500 http fetch GET 200 https://registry.npmjs.org/utils-merge/-/utils-merge-1.0.1.tgz 1203ms (cache miss)
501 http fetch GET 200 https://registry.npmjs.org/finalhandler/-/finalhandler-1.3.2.tgz 1181ms (cache miss)
502 http fetch GET 200 https://registry.npmjs.org/range-parser/-/range-parser-1.2.1.tgz 1224ms (cache miss)
503 http fetch GET 200 https://registry.npmjs.org/methods/-/methods-1.1.2.tgz 1221ms (cache miss)
504 http fetch GET 200 https://registry.npmjs.org/content-disposition/-/content-disposition-0.5.4.tgz 1218ms (cache miss)
505 http fetch GET 200 https://registry.npmjs.org/serve-static/-/serve-static-1.16.3.tgz 1275ms (cache miss)
506 http fetch GET 200 https://registry.npmjs.org/safe-buffer/-/safe-buffer-5.2.1.tgz 1280ms (cache miss)
507 http fetch GET 200 https://registry.npmjs.org/send/-/send-0.19.2.tgz 1301ms (cache miss)
508 http fetch GET 200 https://registry.npmjs.org/debug/-/debug-2.6.9.tgz 1269ms (cache miss)
509 http fetch GET 200 https://registry.npmjs.org/debug/-/debug-2.6.9.tgz 1274ms (cache miss)
510 http fetch GET 200 https://registry.npmjs.org/mime/-/mime-1.6.0.tgz 1357ms (cache miss)
511 http fetch GET 200 https://registry.npmjs.org/debug/-/debug-2.6.9.tgz 1276ms (cache miss)
512 http fetch GET 200 https://registry.npmjs.org/debug/-/debug-2.6.9.tgz 1318ms (cache miss)
513 http fetch GET 200 https://registry.npmjs.org/body-parser/-/body-parser-1.20.6.tgz 1346ms (cache miss)
514 http fetch GET 200 https://registry.npmjs.org/express/-/express-4.22.2.tgz 1418ms (cache miss)
515 http fetch GET 200 https://registry.npmjs.org/iconv-lite/-/iconv-lite-0.4.24.tgz 1543ms (cache miss)
516 silly ADD node_modules/media-typer
517 silly ADD node_modules/dunder-proto
518 silly ADD node_modules/math-intrinsics
519 silly ADD node_modules/hasown
520 silly ADD node_modules/has-symbols
521 silly ADD node_modules/gopd
522 silly ADD node_modules/get-proto
523 silly ADD node_modules/es-object-atoms
524 silly ADD node_modules/function-bind
525 silly ADD node_modules/call-bind-apply-helpers
526 silly ADD node_modules/get-intrinsic
527 silly ADD node_modules/call-bound
528 silly ADD node_modules/side-channel-weakmap
529 silly ADD node_modules/side-channel-map
530 silly ADD node_modules/side-channel-list
531 silly ADD node_modules/object-inspect
532 silly ADD node_modules/es-errors
533 silly ADD node_modules/mime
534 silly ADD node_modules/side-channel
535 silly ADD node_modules/es-define-property
536 silly ADD node_modules/ee-first
537 silly ADD node_modules/mime-db
538 silly ADD node_modules/safer-buffer
539 silly ADD node_modules/toidentifier
540 silly ADD node_modules/inherits
541 silly ADD node_modules/unpipe
542 silly ADD node_modules/raw-body
543 silly ADD node_modules/iconv-lite
544 silly ADD node_modules/destroy
545 silly ADD node_modules/bytes
546 silly ADD node_modules/negotiator
547 silly ADD node_modules/mime-types
548 silly ADD node_modules/utils-merge
549 silly ADD node_modules/type-is
550 silly ADD node_modules/statuses
551 silly ADD node_modules/setprototypeof
552 silly ADD node_modules/serve-static
553 silly ADD node_modules/send
554 silly ADD node_modules/send/node_modules/debug
555 silly ADD node_modules/send/node_modules/debug/node_modules/ms
556 silly ADD node_modules/safe-buffer
557 silly ADD node_modules/range-parser
558 silly ADD node_modules/qs
559 silly ADD node_modules/path-to-regexp
560 silly ADD node_modules/parseurl
561 silly ADD node_modules/on-finished
562 silly ADD node_modules/methods
563 silly ADD node_modules/merge-descriptors
564 silly ADD node_modules/http-errors
565 silly ADD node_modules/fresh
566 silly ADD node_modules/finalhandler
567 silly ADD node_modules/finalhandler/node_modules/ms
568 silly ADD node_modules/finalhandler/node_modules/debug
569 silly ADD node_modules/etag
570 silly ADD node_modules/escape-html
571 silly ADD node_modules/encodeurl
572 silly ADD node_modules/depd
573 silly ADD node_modules/cookie-signature
574 silly ADD node_modules/content-disposition
575 silly ADD node_modules/body-parser
576 silly ADD node_modules/body-parser/node_modules/ms
577 silly ADD node_modules/body-parser/node_modules/debug
578 silly ADD node_modules/array-flatten
579 silly ADD node_modules/accepts
580 silly ADD node_modules/socket.io
581 silly ADD node_modules/express
582 silly ADD node_modules/express/node_modules/ms
583 silly ADD node_modules/express/node_modules/debug
584 silly ADD node_modules/ws
585 silly ADD node_modules/vary
586 silly ADD node_modules/undici-types
587 silly ADD node_modules/socket.io-parser
588 silly ADD node_modules/socket.io-adapter
589 silly ADD node_modules/proxy-addr
590 silly ADD node_modules/object-assign
591 silly ADD node_modules/ms
592 silly ADD node_modules/ipaddr.js
593 silly ADD node_modules/forwarded
594 silly ADD node_modules/engine.io-parser
595 silly ADD node_modules/engine.io
596 silly ADD node_modules/debug
597 silly ADD node_modules/cors
598 silly ADD node_modules/cookie
599 silly ADD node_modules/content-type
600 silly ADD node_modules/base64id
601 silly ADD node_modules/@types/ws
602 silly ADD node_modules/@types/node
603 silly ADD node_modules/@types/cors
604 silly ADD node_modules/@socket.io/component-emitter
605 verbose cwd /data/data/com.termux/files/home/minha-radio
606 verbose os Linux 5.10.240-android12-9-00006-g25161a557b20-ab14744618
607 verbose node v26.4.0
608 verbose npm  v11.19.0
609 verbose exit 0
610 info ok
